Archive member included to satisfy reference by file (symbol)

/Applications/STM32CubeIDE.app/Contents/Eclipse/plugins/com.st.stm32cube.ide.mcu.externaltools.gnu-tools-for-stm32.13.3.rel1.macos64_1.0.0.202411102158/tools/bin/../lib/gcc/arm-none-eabi/13.3.1/../../../../arm-none-eabi/lib/thumb/v7-m/nofp/libc_nano.a(libc_a-exit.o)
                              /Applications/STM32CubeIDE.app/Contents/Eclipse/plugins/com.st.stm32cube.ide.mcu.externaltools.gnu-tools-for-stm32.13.3.rel1.macos64_1.0.0.202411102158/tools/bin/../lib/gcc/arm-none-eabi/13.3.1/../../../../arm-none-eabi/lib/thumb/v7-m/nofp/crt0.o (exit)
/Applications/STM32CubeIDE.app/Contents/Eclipse/plugins/com.st.stm32cube.ide.mcu.externaltools.gnu-tools-for-stm32.13.3.rel1.macos64_1.0.0.202411102158/tools/bin/../lib/gcc/arm-none-eabi/13.3.1/../../../../arm-none-eabi/lib/thumb/v7-m/nofp/libc_nano.a(libc_a-findfp.o)
                              /Applications/STM32CubeIDE.app/Contents/Eclipse/plugins/com.st.stm32cube.ide.mcu.externaltools.gnu-tools-for-stm32.13.3.rel1.macos64_1.0.0.202411102158/tools/bin/../lib/gcc/arm-none-eabi/13.3.1/../../../../arm-none-eabi/lib/thumb/v7-m/nofp/libc_nano.a(libc_a-exit.o) (__stdio_exit_handler)
/Applications/STM32CubeIDE.app/Contents/Eclipse/plugins/com.st.stm32cube.ide.mcu.externaltools.gnu-tools-for-stm32.13.3.rel1.macos64_1.0.0.202411102158/tools/bin/../lib/gcc/arm-none-eabi/13.3.1/../../../../arm-none-eabi/lib/thumb/v7-m/nofp/libc_nano.a(libc_a-fwalk.o)
                              /Applications/STM32CubeIDE.app/Contents/Eclipse/plugins/com.st.stm32cube.ide.mcu.externaltools.gnu-tools-for-stm32.13.3.rel1.macos64_1.0.0.202411102158/tools/bin/../lib/gcc/arm-none-eabi/13.3.1/../../../../arm-none-eabi/lib/thumb/v7-m/nofp/libc_nano.a(libc_a-findfp.o) (_fwalk_sglue)
/Applications/STM32CubeIDE.app/Contents/Eclipse/plugins/com.st.stm32cube.ide.mcu.externaltools.gnu-tools-for-stm32.13.3.rel1.macos64_1.0.0.202411102158/tools/bin/../lib/gcc/arm-none-eabi/13.3.1/../../../../arm-none-eabi/lib/thumb/v7-m/nofp/libc_nano.a(libc_a-memset.o)
                              /Applications/STM32CubeIDE.app/Contents/Eclipse/plugins/com.st.stm32cube.ide.mcu.externaltools.gnu-tools-for-stm32.13.3.rel1.macos64_1.0.0.202411102158/tools/bin/../lib/gcc/arm-none-eabi/13.3.1/../../../../arm-none-eabi/lib/thumb/v7-m/nofp/crt0.o (memset)
/Applications/STM32CubeIDE.app/Contents/Eclipse/plugins/com.st.stm32cube.ide.mcu.externaltools.gnu-tools-for-stm32.13.3.rel1.macos64_1.0.0.202411102158/tools/bin/../lib/gcc/arm-none-eabi/13.3.1/../../../../arm-none-eabi/lib/thumb/v7-m/nofp/libc_nano.a(libc_a-errno.o)
                              ./Core/Src/syscalls.o (__errno)
/Applications/STM32CubeIDE.app/Contents/Eclipse/plugins/com.st.stm32cube.ide.mcu.externaltools.gnu-tools-for-stm32.13.3.rel1.macos64_1.0.0.202411102158/tools/bin/../lib/gcc/arm-none-eabi/13.3.1/../../../../arm-none-eabi/lib/thumb/v7-m/nofp/libc_nano.a(libc_a-init.o)
                              /Applications/STM32CubeIDE.app/Contents/Eclipse/plugins/com.st.stm32cube.ide.mcu.externaltools.gnu-tools-for-stm32.13.3.rel1.macos64_1.0.0.202411102158/tools/bin/../lib/gcc/arm-none-eabi/13.3.1/../../../../arm-none-eabi/lib/thumb/v7-m/nofp/crt0.o (__libc_init_array)
/Applications/STM32CubeIDE.app/Contents/Eclipse/plugins/com.st.stm32cube.ide.mcu.externaltools.gnu-tools-for-stm32.13.3.rel1.macos64_1.0.0.202411102158/tools/bin/../lib/gcc/arm-none-eabi/13.3.1/../../../../arm-none-eabi/lib/thumb/v7-m/nofp/libc_nano.a(libc_a-lock.o)
                              /Applications/STM32CubeIDE.app/Contents/Eclipse/plugins/com.st.stm32cube.ide.mcu.externaltools.gnu-tools-for-stm32.13.3.rel1.macos64_1.0.0.202411102158/tools/bin/../lib/gcc/arm-none-eabi/13.3.1/../../../../arm-none-eabi/lib/thumb/v7-m/nofp/libc_nano.a(libc_a-findfp.o) (__retarget_lock_init_recursive)
/Applications/STM32CubeIDE.app/Contents/Eclipse/plugins/com.st.stm32cube.ide.mcu.externaltools.gnu-tools-for-stm32.13.3.rel1.macos64_1.0.0.202411102158/tools/bin/../lib/gcc/arm-none-eabi/13.3.1/../../../../arm-none-eabi/lib/thumb/v7-m/nofp/libc_nano.a(libc_a-impure.o)
                              /Applications/STM32CubeIDE.app/Contents/Eclipse/plugins/com.st.stm32cube.ide.mcu.externaltools.gnu-tools-for-stm32.13.3.rel1.macos64_1.0.0.202411102158/tools/bin/../lib/gcc/arm-none-eabi/13.3.1/../../../../arm-none-eabi/lib/thumb/v7-m/nofp/libc_nano.a(libc_a-errno.o) (_impure_ptr)
/Applications/STM32CubeIDE.app/Contents/Eclipse/plugins/com.st.stm32cube.ide.mcu.externaltools.gnu-tools-for-stm32.13.3.rel1.macos64_1.0.0.202411102158/tools/bin/../lib/gcc/arm-none-eabi/13.3.1/../../../../arm-none-eabi/lib/thumb/v7-m/nofp/libc_nano.a(libc_a-mallocr.o)
                              /Applications/STM32CubeIDE.app/Contents/Eclipse/plugins/com.st.stm32cube.ide.mcu.externaltools.gnu-tools-for-stm32.13.3.rel1.macos64_1.0.0.202411102158/tools/bin/../lib/gcc/arm-none-eabi/13.3.1/../../../../arm-none-eabi/lib/thumb/v7-m/nofp/libc_nano.a(libc_a-findfp.o) (_malloc_r)
[...]
Memory Configuration

Name             Origin             Length             Attributes
RAM              0x20000000         0x00014000         xrw
FLASH            0x08000000         0x00080000         xr
*default*        0x00000000         0xffffffff

Linker script and memory map

LOAD /Applications/STM32CubeIDE.app/Contents/Eclipse/plugins/com.st.stm32cube.ide.mcu.externaltools.gnu-tools-for-stm32.13.3.rel1.macos64_1.0.0.202411102158/tools/bin/../lib/gcc/arm-none-eabi/13.3.1/thumb/v7-m/nofp/crti.o
LOAD /Applications/STM32CubeIDE.app/Contents/Eclipse/plugins/com.st.stm32cube.ide.mcu.externaltools.gnu-tools-for-stm32.13.3.rel1.macos64_1.0.0.202411102158/tools/bin/../lib/gcc/arm-none-eabi/13.3.1/thumb/v7-m/nofp/crtbegin.o
LOAD /Applications/STM32CubeIDE.app/Contents/Eclipse/plugins/com.st.stm32cube.ide.mcu.externaltools.gnu-tools-for-stm32.13.3.rel1.macos64_1.0.0.202411102158/tools/bin/../lib/gcc/arm-none-eabi/13.3.1/../../../../arm-none-eabi/lib/thumb/v7-m/nofp/crt0.o
LOAD ./Core/Src/Adafruit_TSC2007.o
LOAD ./Core/Src/gpio.o
LOAD ./Core/Src/i2c.o
LOAD ./Core/Src/ili9341_hal.o
LOAD ./Core/Src/main.o
LOAD ./Core/Src/spi.o
LOAD ./Core/Src/stm32l1xx_hal_msp.o
LOAD ./Core/Src/stm32l1xx_it.o
LOAD ./Core/Src/syscalls.o
LOAD ./Core/Src/sysmem.o
LOAD ./Core/Src/system_stm32l1xx.o
LOAD ./Core/Src/usart.o
LOAD ./Core/Startup/startup_stm32l152retx.o
LOAD ./Drivers/STM32L1xx_HAL_Driver/Src/stm32l1xx_hal.o
LOAD ./Drivers/STM32L1xx_HAL_Driver/Src/stm32l1xx_hal_cortex.o
LOAD ./Drivers/STM32L1xx_HAL_Driver/Src/stm32l1xx_hal_dma.o
LOAD ./Drivers/STM32L1xx_HAL_Driver/Src/stm32l1xx_hal_exti.o
LOAD ./Drivers/STM32L1xx_HAL_Driver/Src/stm32l1xx_hal_flash.o
LOAD ./Drivers/STM32L1xx_HAL_Driver/Src/stm32l1xx_hal_flash_ex.o
LOAD ./Drivers/STM32L1xx_HAL_Driver/Src/stm32l1xx_hal_flash_ramfunc.o
LOAD ./Drivers/STM32L1xx_HAL_Driver/Src/stm32l1xx_hal_gpio.o
LOAD ./Drivers/STM32L1xx_HAL_Driver/Src/stm32l1xx_hal_i2c.o
LOAD ./Drivers/STM32L1xx_HAL_Driver/Src/stm32l1xx_hal_pwr.o
LOAD ./Drivers/STM32L1xx_HAL_Driver/Src/stm32l1xx_hal_pwr_ex.o
LOAD ./Drivers/STM32L1xx_HAL_Driver/Src/stm32l1xx_hal_rcc.o
LOAD ./Drivers/STM32L1xx_HAL_Driver/Src/stm32l1xx_hal_rcc_ex.o
LOAD ./Drivers/STM32L1xx_HAL_Driver/Src/stm32l1xx_hal_spi.o
LOAD ./Drivers/STM32L1xx_HAL_Driver/Src/stm32l1xx_hal_uart.o
LOAD ./FATFS/App/fatfs.o
LOAD ./FATFS/Target/user_diskio.o
LOAD ./Middlewares/Third_Party/FatFs/src/diskio.o
LOAD ./Middlewares/Third_Party/FatFs/src/ff.o
LOAD ./Middlewares/Third_Party/FatFs/src/ff_gen_drv.o
LOAD ./Middlewares/Third_Party/FatFs/src/option/syscall.o
START GROUP
LOAD /Applications/STM32CubeIDE.app/Contents/Eclipse/plugins/com.st.stm32cube.ide.mcu.externaltools.gnu-tools-for-stm32.13.3.rel1.macos64_1.0.0.202411102158/tools/bin/../lib/gcc/arm-none-eabi/13.3.1/../../../../arm-none-eabi/lib/thumb/v7-m/nofp/libc_nano.a
LOAD /Applications/STM32CubeIDE.app/Contents/Eclipse/plugins/com.st.stm32cube.ide.mcu.externaltools.gnu-tools-for-stm32.13.3.rel1.macos64_1.0.0.202411102158/tools/bin/../lib/gcc/arm-none-eabi/13.3.1/../../../../arm-none-eabi/lib/thumb/v7-m/nofp/libm.a
END GROUP
START GROUP
LOAD /Applications/STM32CubeIDE.app/Contents/Eclipse/plugins/com.st.stm32cube.ide.mcu.externaltools.gnu-tools-for-stm32.13.3.rel1.macos64_1.0.0.202411102158/tools/bin/../lib/gcc/arm-none-eabi/13.3.1/thumb/v7-m/nofp/libgcc.a
LOAD /Applications/STM32CubeIDE.app/Contents/Eclipse/plugins/com.st.stm32cube.ide.mcu.externaltools.gnu-tools-for-stm32.13.3.rel1.macos64_1.0.0.202411102158/tools/bin/../lib/gcc/arm-none-eabi/13.3.1/../../../../arm-none-eabi/lib/thumb/v7-m/nofp/libc_nano.a
END GROUP
START GROUP
LOAD /Applications/STM32CubeIDE.app/Contents/Eclipse/plugins/com.st.stm32cube.ide.mcu.externaltools.gnu-tools-for-stm32.13.3.rel1.macos64_1.0.0.202411102158/tools/bin/../lib/gcc/arm-none-eabi/13.3.1/thumb/v7-m/nofp/libgcc.a
LOAD /Applications/STM32CubeIDE.app/Contents/Eclipse/plugins/com.st.stm32cube.ide.mcu.externaltools.gnu-tools-for-stm32.13.3.rel1.macos64_1.0.0.202411102158/tools/bin/../lib/gcc/arm-none-eabi/13.3.1/../../../../arm-none-eabi/lib/thumb/v7-m/nofp/libc_nano.a
LOAD /Applications/STM32CubeIDE.app/Contents/Eclipse/plugins/com.st.stm32cube.ide.mcu.externaltools.gnu-tools-for-stm32.13.3.rel1.macos64_1.0.0.202411102158/tools/bin/../lib/gcc/arm-none-eabi/13.3.1/../../../../arm-none-eabi/lib/thumb/v7-m/nofp/libnosys.a
END GROUP
START GROUP
LOAD /Applications/STM32CubeIDE.app/Contents/Eclipse/plugins/com.st.stm32cube.ide.mcu.externaltools.gnu-tools-for-stm32.13.3.rel1.macos64_1.0.0.202411102158/tools/bin/../lib/gcc/arm-none-eabi/13.3.1/thumb/v7-m/nofp/libgcc.a
LOAD /Applications/STM32CubeIDE.app/Contents/Eclipse/plugins/com.st.stm32cube.ide.mcu.externaltools.gnu-tools-for-stm32.13.3.rel1.macos64_1.0.0.202411102158/tools/bin/../lib/gcc/arm-none-eabi/13.3.1/../../../../arm-none-eabi/lib/thumb/v7-m/nofp/libc_nano.a
LOAD /Applications/STM32CubeIDE.app/Contents/Eclipse/plugins/com.st.stm32cube.ide.mcu.externaltools.gnu-tools-for-stm32.13.3.rel1.macos64_1.0.0.202411102158/tools/bin/../lib/gcc/arm-none-eabi/13.3.1/../../../../arm-none-eabi/lib/thumb/v7-m/nofp/libnosys.a
END GROUP
LOAD /Applications/STM32CubeIDE.app/Contents/Eclipse/plugins/com.st.stm32cube.ide.mcu.externaltools.gnu-tools-for-stm32.13.3.rel1.macos64_1.0.0.202411102158/tools/bin/../lib/gcc/arm-none-eabi/13.3.1/thumb/v7-m/nofp/crtend.o
LOAD /Applications/STM32CubeIDE.app/Contents/Eclipse/plugins/com.st.stm32cube.ide.mcu.externaltools.gnu-tools-for-stm32.13.3.rel1.macos64_1.0.0.202411102158/tools/bin/../lib/gcc/arm-none-eabi/13.3.1/thumb/v7-m/nofp/crtn.o
                0x20014000                        _estack = (ORIGIN (RAM) + LENGTH (RAM))
                0x00000200                        _Min_Heap_Size = 0x200
                0x00000400                        _Min_Stack_Size = 0x400

.isr_vector     0x08000000      0x13c
                0x08000000                        . = ALIGN (0x4)
 *(.isr_vector)
 .isr_vector    0x08000000      0x13c ./Core/Startup/startup_stm32l152retx.o
                0x08000000                g_pfnVectors
                0x0800013c                        . = ALIGN (0x4)

.text           0x0800013c     0x3bcc
                0x0800013c                        . = ALIGN (0x4)
 *(.text)
 .text          0x0800013c       0x40 /Applications/STM32CubeIDE.app/Contents/Eclipse/plugins/com.st.stm32cube.ide.mcu.externaltools.gnu-tools-for-stm32.13.3.rel1.macos64_1.0.0.202411102158/tools/bin/../lib/gcc/arm-none-eabi/13.3.1/thumb/v7-m/nofp/crtbegin.o
 .text          0x0800017c       0x30 /Applications/STM32CubeIDE.app/Contents/Eclipse/plugins/com.st.stm32cube.ide.mcu.externaltools.gnu-tools-for-stm32.13.3.rel1.macos64_1.0.0.202411102158/tools/bin/../lib/gcc/arm-none-eabi/13.3.1/thumb/v7-m/nofp/libgcc.a(_aeabi_uldivmod.o)
                0x0800017c                __aeabi_uldivmod
 .text          0x080001ac      0x300 /Applications/STM32CubeIDE.app/Contents/Eclipse/plugins/com.st.stm32cube.ide.mcu.externaltools.gnu-tools-for-stm32.13.3.rel1.macos64_1.0.0.202411102158/tools/bin/../lib/gcc/arm-none-eabi/13.3.1/thumb/v7-m/nofp/libgcc.a(_udivmoddi4.o)
                0x080001ac                __udivmoddi4
 .text          0x080004ac        0x4 /Applications/STM32CubeIDE.app/Contents/Eclipse/plugins/com.st.stm32cube.ide.mcu.externaltools.gnu-tools-for-stm32.13.3.rel1.macos64_1.0.0.202411102158/tools/bin/../lib/gcc/arm-none-eabi/13.3.1/thumb/v7-m/nofp/libgcc.a(_dvmd_tls.o)
                0x080004ac                __aeabi_ldiv0
                0x080004ac                __aeabi_idiv0
 *(.text*)
 .text.TSC2007_Init
                0x080004b0       0x3e ./Core/Src/Adafruit_TSC2007.o
                0x080004b0                TSC2007_Init
 .text.TSC2007_Command
                0x080004ee       0xaa ./Core/Src/Adafruit_TSC2007.o
                0x080004ee                TSC2007_Command
 .text.TSC2007_ReadTouch
                0x08000598       0x74 ./Core/Src/Adafruit_TSC2007.o
                0x08000598                TSC2007_ReadTouch
 .text.TSC2007_IsTouched
                0x0800060c       0x2c ./Core/Src/Adafruit_TSC2007.o
                0x0800060c                TSC2007_IsTouched
 .text.MX_GPIO_Init
                0x08000638      0x120 ./Core/Src/gpio.o
                0x08000638                MX_GPIO_Init
 .text.MX_I2C1_Init
                0x08000758       0x5c ./Core/Src/i2c.o
                0x08000758                MX_I2C1_Init
 .text.HAL_I2C_MspInit
                0x080007b4       0x88 ./Core/Src/i2c.o
                0x080007b4                HAL_I2C_MspInit
 .text.writeCommand
                0x0800083c       0x34 ./Core/Src/ili9341_hal.o
 .text.writeData
                0x08000870       0x34 ./Core/Src/ili9341_hal.o
 .text.writeData16
                0x080008a4       0x46 ./Core/Src/ili9341_hal.o
 .text.hardwareReset
                0x080008ea       0x5a ./Core/Src/ili9341_hal.o
 .text.ILI9341_Init
                0x08000944      0x334 ./Core/Src/ili9341_hal.o
                0x08000944                ILI9341_Init
 .text.ILI9341_StartWrite
                0x08000c78       0x20 ./Core/Src/ili9341_hal.o
                0x08000c78                ILI9341_StartWrite
 .text.ILI9341_EndWrite
                0x08000c98       0x20 ./Core/Src/ili9341_hal.o
                0x08000c98                ILI9341_EndWrite
 .text.ILI9341_SetAddrWindow
                0x08000cb8       0x7a ./Core/Src/ili9341_hal.o
                0x08000cb8                ILI9341_SetAddrWindow
 .text.ILI9341_FillScreen
                0x08000d32       0x8c ./Core/Src/ili9341_hal.o
                0x08000d32                ILI9341_FillScreen
 .text.ILI9341_DrawImage
                0x08000dbe       0xb6 ./Core/Src/ili9341_hal.o
                0x08000dbe                ILI9341_DrawImage
 .text.main     0x08000e74       0x88 ./Core/Src/main.o
                0x08000e74                main
 .text.SystemClock_Config
                0x08000efc       0x9c ./Core/Src/main.o
                0x08000efc                SystemClock_Config
 .text.StartupScreen
                0x08000f98       0x14 ./Core/Src/main.o
 .text.DrawTiger
                0x08000fac       0x2c ./Core/Src/main.o
 .text.Error_Handler
                0x08000fd8        0xc ./Core/Src/main.o
                0x08000fd8                Error_Handler
 .text.MX_SPI1_Init
                0x08000fe4       0x6c ./Core/Src/spi.o
                0x08000fe4                MX_SPI1_Init
 .text.HAL_SPI_MspInit
                0x08001050       0x88 ./Core/Src/spi.o
                0x08001050                HAL_SPI_MspInit
 .text.HAL_MspInit
                0x080010d8       0x60 ./Core/Src/stm32l1xx_hal_msp.o
                0x080010d8                HAL_MspInit
 .text.NMI_Handler
                0x08001138        0x8 ./Core/Src/stm32l1xx_it.o
                0x08001138                NMI_Handler
 .text.HardFault_Handler
                0x08001140        0x8 ./Core/Src/stm32l1xx_it.o
                0x08001140                HardFault_Handler
 .text.MemManage_Handler
                0x08001148        0x8 ./Core/Src/stm32l1xx_it.o
                0x08001148                MemManage_Handler
 .text.BusFault_Handler
                0x08001150        0x8 ./Core/Src/stm32l1xx_it.o
                0x08001150                BusFault_Handler
 .text.UsageFault_Handler
                0x08001158        0x8 ./Core/Src/stm32l1xx_it.o
                0x08001158                UsageFault_Handler
 .text.SVC_Handler
                0x08001160        0xc ./Core/Src/stm32l1xx_it.o
                0x08001160                SVC_Handler
 .text.DebugMon_Handler
                0x0800116c        0xc ./Core/Src/stm32l1xx_it.o
                0x0800116c                DebugMon_Handler
 .text.PendSV_Handler
                0x08001178        0xc ./Core/Src/stm32l1xx_it.o
                0x08001178                PendSV_Handler
 .text.SysTick_Handler
                0x08001184        0xc ./Core/Src/stm32l1xx_it.o
                0x08001184                SysTick_Handler
 .text.SystemInit
                0x08001190        0xc ./Core/Src/system_stm32l1xx.o
                0x08001190                SystemInit
 .text.MX_USART2_UART_Init
                0x0800119c       0x54 ./Core/Src/usart.o
                0x0800119c                MX_USART2_UART_Init
 .text.HAL_UART_MspInit
                0x080011f0       0x88 ./Core/Src/usart.o
                0x080011f0                HAL_UART_MspInit
 .text.Reset_Handler
                0x08001278       0x48 ./Core/Startup/startup_stm32l152retx.o
                0x08001278                Reset_Handler
 .text.Default_Handler
                0x080012c0        0x2 ./Core/Startup/startup_stm32l152retx.o
                0x080012c0                DMA2_Channel3_IRQHandler
                0x080012c0                EXTI2_IRQHandler
                0x080012c0                COMP_ACQ_IRQHandler
                0x080012c0                TIM10_IRQHandler
                0x080012c0                USB_HP_IRQHandler
                0x080012c0                TIM6_IRQHandler
                0x080012c0                PVD_IRQHandler
                0x080012c0                EXTI3_IRQHandler
                0x080012c0                EXTI0_IRQHandler
                0x080012c0                I2C2_EV_IRQHandler
                0x080012c0                SPI1_IRQHandler
                0x080012c0                USB_FS_WKUP_IRQHandler
                0x080012c0                DMA2_Channel2_IRQHandler
                0x080012c0                DMA1_Channel4_IRQHandler
                0x080012c0                ADC1_IRQHandler
                0x080012c0                USART3_IRQHandler
                0x080012c0                DMA1_Channel7_IRQHandler
                0x080012c0                LCD_IRQHandler
                0x080012c0                UART5_IRQHandler
                0x080012c0                TIM4_IRQHandler
                0x080012c0                DMA2_Channel1_IRQHandler
                0x080012c0                I2C1_EV_IRQHandler
                0x080012c0                DMA1_Channel6_IRQHandler
                0x080012c0                UART4_IRQHandler
                0x080012c0                DMA2_Channel4_IRQHandler
                0x080012c0                TIM3_IRQHandler
                0x080012c0                RCC_IRQHandler
                0x080012c0                DMA1_Channel1_IRQHandler
                0x080012c0                Default_Handler
                0x080012c0                EXTI15_10_IRQHandler
                0x080012c0                TIM7_IRQHandler
                0x080012c0                TIM5_IRQHandler
                0x080012c0                EXTI9_5_IRQHandler
                0x080012c0                TIM9_IRQHandler
                0x080012c0                TAMPER_STAMP_IRQHandler
                0x080012c0                RTC_WKUP_IRQHandler
                0x080012c0                SPI2_IRQHandler
                0x080012c0                DMA2_Channel5_IRQHandler
                0x080012c0                DMA1_Channel5_IRQHandler
                0x080012c0                USB_LP_IRQHandler
                0x080012c0                EXTI4_IRQHandler
                0x080012c0                DMA1_Channel3_IRQHandler
                0x080012c0                COMP_IRQHandler
                0x080012c0                WWDG_IRQHandler
                0x080012c0                TIM2_IRQHandler
                0x080012c0                DAC_IRQHandler
                0x080012c0                EXTI1_IRQHandler
                0x080012c0                TIM11_IRQHandler
                0x080012c0                USART2_IRQHandler
                0x080012c0                I2C2_ER_IRQHandler
                0x080012c0                DMA1_Channel2_IRQHandler
                0x080012c0                FLASH_IRQHandler
                0x080012c0                USART1_IRQHandler
                0x080012c0                SPI3_IRQHandler
                0x080012c0                I2C1_ER_IRQHandler
                0x080012c0                RTC_Alarm_IRQHandler
 .text.HAL_Init
                0x080012c2       0x30 ./Drivers/STM32L1xx_HAL_Driver/Src/stm32l1xx_hal.o
                0x080012c2                HAL_Init
 *fill*         0x080012f2        0x2 
 .text.HAL_InitTick
                0x080012f4       0x74 ./Drivers/STM32L1xx_HAL_Driver/Src/stm32l1xx_hal.o
                0x080012f4                HAL_InitTick
 .text.HAL_IncTick
                0x08001368       0x24 ./Drivers/STM32L1xx_HAL_Driver/Src/stm32l1xx_hal.o
                0x08001368                HAL_IncTick
 .text.HAL_GetTick
                0x0800138c       0x14 ./Drivers/STM32L1xx_HAL_Driver/Src/stm32l1xx_hal.o
                0x0800138c                HAL_GetTick
 .text.HAL_Delay
                0x080013a0       0x44 ./Drivers/STM32L1xx_HAL_Driver/Src/stm32l1xx_hal.o
                0x080013a0                HAL_Delay
 .text.__NVIC_SetPriorityGrouping
                0x080013e4       0x48 ./Drivers/STM32L1xx_HAL_Driver/Src/stm32l1xx_hal_cortex.o
 .text.__NVIC_GetPriorityGrouping
                0x0800142c       0x1c ./Drivers/STM32L1xx_HAL_Driver/Src/stm32l1xx_hal_cortex.o
 .text.__NVIC_SetPriority
                0x08001448       0x54 ./Drivers/STM32L1xx_HAL_Driver/Src/stm32l1xx_hal_cortex.o
 .text.NVIC_EncodePriority
                0x0800149c       0x64 ./Drivers/STM32L1xx_HAL_Driver/Src/stm32l1xx_hal_cortex.o
 .text.SysTick_Config
                0x08001500       0x44 ./Drivers/STM32L1xx_HAL_Driver/Src/stm32l1xx_hal_cortex.o
 .text.HAL_NVIC_SetPriorityGrouping
                0x08001544       0x16 ./Drivers/STM32L1xx_HAL_Driver/Src/stm32l1xx_hal_cortex.o
                0x08001544                HAL_NVIC_SetPriorityGrouping
 .text.HAL_NVIC_SetPriority
                0x0800155a       0x38 ./Drivers/STM32L1xx_HAL_Driver/Src/stm32l1xx_hal_cortex.o
                0x0800155a                HAL_NVIC_SetPriority
 .text.HAL_SYSTICK_Config
                0x08001592       0x18 ./Drivers/STM32L1xx_HAL_Driver/Src/stm32l1xx_hal_cortex.o
                0x08001592                HAL_SYSTICK_Config
 *fill*         0x080015aa        0x2 
 .text.HAL_GPIO_Init
                0x080015ac      0x320 ./Drivers/STM32L1xx_HAL_Driver/Src/stm32l1xx_hal_gpio.o
                0x080015ac                HAL_GPIO_Init
 .text.HAL_GPIO_WritePin
                0x080018cc       0x30 ./Drivers/STM32L1xx_HAL_Driver/Src/stm32l1xx_hal_gpio.o
                0x080018cc                HAL_GPIO_WritePin
 .text.HAL_I2C_Init
                0x080018fc      0x288 ./Drivers/STM32L1xx_HAL_Driver/Src/stm32l1xx_hal_i2c.o
                0x080018fc                HAL_I2C_Init
 .text.HAL_I2C_Master_Transmit
                0x08001b84      0x1fc ./Drivers/STM32L1xx_HAL_Driver/Src/stm32l1xx_hal_i2c.o
                0x08001b84                HAL_I2C_Master_Transmit
 .text.HAL_I2C_Master_Receive
                0x08001d80      0x464 ./Drivers/STM32L1xx_HAL_Driver/Src/stm32l1xx_hal_i2c.o
                0x08001d80                HAL_I2C_Master_Receive
 .text.I2C_MasterRequestWrite
                0x080021e4      0x104 ./Drivers/STM32L1xx_HAL_Driver/Src/stm32l1xx_hal_i2c.o
 .text.I2C_MasterRequestRead
                0x080022e8      0x19c ./Drivers/STM32L1xx_HAL_Driver/Src/stm32l1xx_hal_i2c.o
 .text.I2C_WaitOnFlagUntilTimeout
                0x08002484       0xf4 ./Drivers/STM32L1xx_HAL_Driver/Src/stm32l1xx_hal_i2c.o
 .text.I2C_WaitOnMasterAddressFlagUntilTimeout
                0x08002578      0x140 ./Drivers/STM32L1xx_HAL_Driver/Src/stm32l1xx_hal_i2c.o
 .text.I2C_WaitOnTXEFlagUntilTimeout
                0x080026b8       0x90 ./Drivers/STM32L1xx_HAL_Driver/Src/stm32l1xx_hal_i2c.o
 .text.I2C_WaitOnBTFFlagUntilTimeout
                0x08002748       0x90 ./Drivers/STM32L1xx_HAL_Driver/Src/stm32l1xx_hal_i2c.o
 .text.I2C_WaitOnRXNEFlagUntilTimeout
                0x080027d8       0xba ./Drivers/STM32L1xx_HAL_Driver/Src/stm32l1xx_hal_i2c.o
 .text.I2C_IsAcknowledgeFailed
                0x08002892       0x5c ./Drivers/STM32L1xx_HAL_Driver/Src/stm32l1xx_hal_i2c.o
 *fill*         0x080028ee        0x2 
 .text.HAL_RCC_OscConfig
                0x080028f0      0x660 ./Drivers/STM32L1xx_HAL_Driver/Src/stm32l1xx_hal_rcc.o
                0x080028f0                HAL_RCC_OscConfig
 .text.HAL_RCC_ClockConfig
                0x08002f50      0x268 ./Drivers/STM32L1xx_HAL_Driver/Src/stm32l1xx_hal_rcc.o
                0x08002f50                HAL_RCC_ClockConfig
 .text.HAL_RCC_GetSysClockFreq
                0x080031b8      0x200 ./Drivers/STM32L1xx_HAL_Driver/Src/stm32l1xx_hal_rcc.o
                0x080031b8                HAL_RCC_GetSysClockFreq
 .text.HAL_RCC_GetHCLKFreq
                0x080033b8       0x14 ./Drivers/STM32L1xx_HAL_Driver/Src/stm32l1xx_hal_rcc.o
                0x080033b8                HAL_RCC_GetHCLKFreq
 .text.HAL_RCC_GetPCLK1Freq
                0x080033cc       0x28 ./Drivers/STM32L1xx_HAL_Driver/Src/stm32l1xx_hal_rcc.o
                0x080033cc                HAL_RCC_GetPCLK1Freq
 .text.HAL_RCC_GetPCLK2Freq
                0x080033f4       0x28 ./Drivers/STM32L1xx_HAL_Driver/Src/stm32l1xx_hal_rcc.o
                0x080033f4                HAL_RCC_GetPCLK2Freq
 .text.RCC_SetFlashLatencyFromMSIRange
                0x0800341c       0xc0 ./Drivers/STM32L1xx_HAL_Driver/Src/stm32l1xx_hal_rcc.o
 .text.HAL_SPI_Init
                0x080034dc      0x112 ./Drivers/STM32L1xx_HAL_Driver/Src/stm32l1xx_hal_spi.o
                0x080034dc                HAL_SPI_Init
 .text.HAL_SPI_Transmit
                0x080035ee      0x288 ./Drivers/STM32L1xx_HAL_Driver/Src/stm32l1xx_hal_spi.o
                0x080035ee                HAL_SPI_Transmit
 *fill*         0x08003876        0x2 
 .text.SPI_WaitFlagStateUntilTimeout
                0x08003878      0x110 ./Drivers/STM32L1xx_HAL_Driver/Src/stm32l1xx_hal_spi.o
 .text.SPI_EndRxTxTransaction
                0x08003988       0xa8 ./Drivers/STM32L1xx_HAL_Driver/Src/stm32l1xx_hal_spi.o
 .text.HAL_UART_Init
                0x08003a30       0xa0 ./Drivers/STM32L1xx_HAL_Driver/Src/stm32l1xx_hal_uart.o
                0x08003a30                HAL_UART_Init
 .text.UART_SetConfig
                0x08003ad0      0x1c8 ./Drivers/STM32L1xx_HAL_Driver/Src/stm32l1xx_hal_uart.o
 .text.memset   0x08003c98       0x10 /Applications/STM32CubeIDE.app/Contents/Eclipse/plugins/com.st.stm32cube.ide.mcu.externaltools.gnu-tools-for-stm32.13.3.rel1.macos64_1.0.0.202411102158/tools/bin/../lib/gcc/arm-none-eabi/13.3.1/../../../../arm-none-eabi/lib/thumb/v7-m/nofp/libc_nano.a(libc_a-memset.o)
                0x08003c98                memset
 .text.__libc_init_array
                0x08003ca8       0x48 /Applications/STM32CubeIDE.app/Contents/Eclipse/plugins/com.st.stm32cube.ide.mcu.externaltools.gnu-tools-for-stm32.13.3.rel1.macos64_1.0.0.202411102158/tools/bin/../lib/gcc/arm-none-eabi/13.3.1/../../../../arm-none-eabi/lib/thumb/v7-m/nofp/libc_nano.a(libc_a-init.o)
                0x08003ca8                __libc_init_array
 *(.glue_7)
 .glue_7        0x08003cf0        0x0 linker stubs
 *(.glue_7t)
 .glue_7t       0x08003cf0        0x0 linker stubs
 *(.eh_frame)
 .eh_frame      0x08003cf0        0x0 /Applications/STM32CubeIDE.app/Contents/Eclipse/plugins/com.st.stm32cube.ide.mcu.externaltools.gnu-tools-for-stm32.13.3.rel1.macos64_1.0.0.202411102158/tools/bin/../lib/gcc/arm-none-eabi/13.3.1/thumb/v7-m/nofp/crtbegin.o
 *(.init)
 .init          0x08003cf0        0x4 /Applications/STM32CubeIDE.app/Contents/Eclipse/plugins/com.st.stm32cube.ide.mcu.externaltools.gnu-tools-for-stm32.13.3.rel1.macos64_1.0.0.202411102158/tools/bin/../lib/gcc/arm-none-eabi/13.3.1/thumb/v7-m/nofp/crti.o
                0x08003cf0                _init
 .init          0x08003cf4        0x8 /Applications/STM32CubeIDE.app/Contents/Eclipse/plugins/com.st.stm32cube.ide.mcu.externaltools.gnu-tools-for-stm32.13.3.rel1.macos64_1.0.0.202411102158/tools/bin/../lib/gcc/arm-none-eabi/13.3.1/thumb/v7-m/nofp/crtn.o
 *(.fini)
 .fini          0x08003cfc        0x4 /Applications/STM32CubeIDE.app/Contents/Eclipse/plugins/com.st.stm32cube.ide.mcu.externaltools.gnu-tools-for-stm32.13.3.rel1.macos64_1.0.0.202411102158/tools/bin/../lib/gcc/arm-none-eabi/13.3.1/thumb/v7-m/nofp/crti.o
                0x08003cfc                _fini
 .fini          0x08003d00        0x8 /Applications/STM32CubeIDE.app/Contents/Eclipse/plugins/com.st.stm32cube.ide.mcu.externaltools.gnu-tools-for-stm32.13.3.rel1.macos64_1.0.0.202411102158/tools/bin/../lib/gcc/arm-none-eabi/13.3.1/thumb/v7-m/nofp/crtn.o
                0x08003d08                        . = ALIGN (0x4)
                0x08003d08                        _etext = .

.vfp11_veneer   0x08003d08        0x0
 .vfp11_veneer  0x08003d08        0x0 linker stubs

.v4_bx          0x08003d08        0x0
 .v4_bx         0x08003d08        0x0 linker stubs

.iplt           0x08003d08        0x0
 .iplt          0x08003d08        0x0 /Applications/STM32CubeIDE.app/Contents/Eclipse/plugins/com.st.stm32cube.ide.mcu.externaltools.gnu-tools-for-stm32.13.3.rel1.macos64_1.0.0.202411102158/tools/bin/../lib/gcc/arm-none-eabi/13.3.1/thumb/v7-m/nofp/crtbegin.o

.rodata         0x08003d08    0x25824
                0x08003d08                        . = ALIGN (0x4)
 *(.rodata)
 *(.rodata*)
 .rodata.tiger_rgb565
                0x08003d08    0x25800 ./Core/Src/main.o
 .rodata.PLLMulTable
                0x08029508        0x9 ./Core/Src/system_stm32l1xx.o
                0x08029508                PLLMulTable
 *fill*         0x08029511        0x3 
 .rodata.AHBPrescTable
                0x08029514       0x10 ./Core/Src/system_stm32l1xx.o
                0x08029514                AHBPrescTable
 .rodata.APBPrescTable
                0x08029524        0x8 ./Core/Src/system_stm32l1xx.o
                0x08029524                APBPrescTable
                0x0802952c                        . = ALIGN (0x4)

.ARM.extab      0x0802952c        0x0
                0x0802952c                        . = ALIGN (0x4)
 *(.ARM.extab* .gnu.linkonce.armextab.*)
                0x0802952c                        . = ALIGN (0x4)

.ARM            0x0802952c        0x8
                0x0802952c                        . = ALIGN (0x4)
                0x0802952c                        __exidx_start = .
 *(.ARM.exidx*)
 .ARM.exidx     0x0802952c        0x8 /Applications/STM32CubeIDE.app/Contents/Eclipse/plugins/com.st.stm32cube.ide.mcu.externaltools.gnu-tools-for-stm32.13.3.rel1.macos64_1.0.0.202411102158/tools/bin/../lib/gcc/arm-none-eabi/13.3.1/thumb/v7-m/nofp/libgcc.a(_udivmoddi4.o)
                0x08029534                        __exidx_end = .
                0x08029534                        . = ALIGN (0x4)

.preinit_array  0x08029534        0x0
                0x08029534                        . = ALIGN (0x4)
                0x08029534                        PROVIDE (__preinit_array_start = .)
 *(.preinit_array*)
                0x08029534                        PROVIDE (__preinit_array_end = .)
                0x08029534                        . = ALIGN (0x4)

.init_array     0x08029534        0x4
                0x08029534                        . = ALIGN (0x4)
                0x08029534                        PROVIDE (__init_array_start = .)
 *(SORT_BY_NAME(.init_array.*))
 *(.init_array*)
 .init_array    0x08029534        0x4 /Applications/STM32CubeIDE.app/Contents/Eclipse/plugins/com.st.stm32cube.ide.mcu.externaltools.gnu-tools-for-stm32.13.3.rel1.macos64_1.0.0.202411102158/tools/bin/../lib/gcc/arm-none-eabi/13.3.1/thumb/v7-m/nofp/crtbegin.o
                0x08029538                        PROVIDE (__init_array_end = .)
                0x08029538                        . = ALIGN (0x4)

.fini_array     0x08029538        0x4
                0x08029538                        . = ALIGN (0x4)
                [!provide]                        PROVIDE (__fini_array_start = .)
 *(SORT_BY_NAME(.fini_array.*))
 *(.fini_array*)
 .fini_array    0x08029538        0x4 /Applications/STM32CubeIDE.app/Contents/Eclipse/plugins/com.st.stm32cube.ide.mcu.externaltools.gnu-tools-for-stm32.13.3.rel1.macos64_1.0.0.202411102158/tools/bin/../lib/gcc/arm-none-eabi/13.3.1/thumb/v7-m/nofp/crtbegin.o
                [!provide]                        PROVIDE (__fini_array_end = .)
                0x0802953c                        . = ALIGN (0x4)
                0x0802953c                        _sidata = LOADADDR (.data)

.rel.dyn        0x0802953c        0x0
 .rel.iplt      0x0802953c        0x0 /Applications/STM32CubeIDE.app/Contents/Eclipse/plugins/com.st.stm32cube.ide.mcu.externaltools.gnu-tools-for-stm32.13.3.rel1.macos64_1.0.0.202411102158/tools/bin/../lib/gcc/arm-none-eabi/13.3.1/thumb/v7-m/nofp/crtbegin.o

.data           0x20000000        0xc load address 0x0802953c
                0x20000000                        . = ALIGN (0x4)
                0x20000000                        _sdata = .
 *(.data)
 *(.data*)
 .data.SystemCoreClock
                0x20000000        0x4 ./Core/Src/system_stm32l1xx.o
                0x20000000                SystemCoreClock
 .data.uwTickPrio
                0x20000004        0x4 ./Drivers/STM32L1xx_HAL_Driver/Src/stm32l1xx_hal.o
                0x20000004                uwTickPrio
 .data.uwTickFreq
                0x20000008        0x4 ./Drivers/STM32L1xx_HAL_Driver/Src/stm32l1xx_hal.o
                0x20000008                uwTickFreq
 *(.RamFunc)
 *(.RamFunc*)
                0x2000000c                        . = ALIGN (0x4)
                0x2000000c                        _edata = .

.igot.plt       0x2000000c        0x0 load address 0x08029548
 .igot.plt      0x2000000c        0x0 /Applications/STM32CubeIDE.app/Contents/Eclipse/plugins/com.st.stm32cube.ide.mcu.externaltools.gnu-tools-for-stm32.13.3.rel1.macos64_1.0.0.202411102158/tools/bin/../lib/gcc/arm-none-eabi/13.3.1/thumb/v7-m/nofp/crtbegin.o
                0x2000000c                        . = ALIGN (0x4)

.bss            0x2000000c      0x13c load address 0x08029548
                0x2000000c                        _sbss = .
                0x2000000c                        __bss_start__ = _sbss
 *(.bss)
 .bss           0x2000000c       0x1c /Applications/STM32CubeIDE.app/Contents/Eclipse/plugins/com.st.stm32cube.ide.mcu.externaltools.gnu-tools-for-stm32.13.3.rel1.macos64_1.0.0.202411102158/tools/bin/../lib/gcc/arm-none-eabi/13.3.1/thumb/v7-m/nofp/crtbegin.o
 *(.bss*)
 .bss.hi2c1     0x20000028       0x54 ./Core/Src/i2c.o
                0x20000028                hi2c1
 .bss.display   0x2000007c       0x20 ./Core/Src/main.o
                0x2000007c                display
 .bss.touch     0x2000009c        0x8 ./Core/Src/main.o
                0x2000009c                touch
 .bss.hspi1     0x200000a4       0x58 ./Core/Src/spi.o
                0x200000a4                hspi1
 .bss.huart2    0x200000fc       0x48 ./Core/Src/usart.o
                0x200000fc                huart2
 .bss.uwTick    0x20000144        0x4 ./Drivers/STM32L1xx_HAL_Driver/Src/stm32l1xx_hal.o
                0x20000144                uwTick
 *(COMMON)
                0x20000148                        . = ALIGN (0x4)
                0x20000148                        _ebss = .
                0x20000148                        __bss_end__ = _ebss

._user_heap_stack
                0x20000148      0x600 load address 0x08029548
                0x20000148                        . = ALIGN (0x8)
                [!provide]                        PROVIDE (end = .)
                0x20000148                        PROVIDE (_end = .)
                0x20000348                        . = (. + _Min_Heap_Size)
 *fill*         0x20000148      0x200 
                0x20000748                        . = (. + _Min_Stack_Size)
 *fill*         0x20000348      0x400 
                0x20000748                        . = ALIGN (0x8)

/DISCARD/
 libc.a(*)
 libm.a(*)
 libgcc.a(*)

.ARM.attributes
                0x00000000       0x29
 *(.ARM.attributes)
 .ARM.attributes
                0x00000000       0x1d /Applications/STM32CubeIDE.app/Contents/Eclipse/plugins/com.st.stm32cube.ide.mcu.externaltools.gnu-tools-for-stm32.13.3.rel1.macos64_1.0.0.202411102158/tools/bin/../lib/gcc/arm-none-eabi/13.3.1/thumb/v7-m/nofp/crti.o
 .ARM.attributes
                0x0000001d       0x2d /Applications/STM32CubeIDE.app/Contents/Eclipse/plugins/com.st.stm32cube.ide.mcu.externaltools.gnu-tools-for-stm32.13.3.rel1.macos64_1.0.0.202411102158/tools/bin/../lib/gcc/arm-none-eabi/13.3.1/thumb/v7-m/nofp/crtbegin.o
 .ARM.attributes
                0x0000004a       0x2d ./Core/Src/Adafruit_TSC2007.o
 .ARM.attributes
                0x00000077       0x2d ./Core/Src/gpio.o
 .ARM.attributes
                0x000000a4       0x2d ./Core/Src/i2c.o
 .ARM.attributes
                0x000000d1       0x2d ./Core/Src/ili9341_hal.o
 .ARM.attributes
                0x000000fe       0x2d ./Core/Src/main.o
 .ARM.attributes
                0x0000012b       0x2d ./Core/Src/spi.o
 .ARM.attributes
                0x00000158       0x2d ./Core/Src/stm32l1xx_hal_msp.o
 .ARM.attributes
                0x00000185       0x2d ./Core/Src/stm32l1xx_it.o
 .ARM.attributes
                0x000001b2       0x2d ./Core/Src/system_stm32l1xx.o
 .ARM.attributes
                0x000001df       0x2d ./Core/Src/usart.o
 .ARM.attributes
                0x0000020c       0x21 ./Core/Startup/startup_stm32l152retx.o
 .ARM.attributes
                0x0000022d       0x2d ./Drivers/STM32L1xx_HAL_Driver/Src/stm32l1xx_hal.o
 .ARM.attributes
                0x0000025a       0x2d ./Drivers/STM32L1xx_HAL_Driver/Src/stm32l1xx_hal_cortex.o
 .ARM.attributes
                0x00000287       0x2d ./Drivers/STM32L1xx_HAL_Driver/Src/stm32l1xx_hal_gpio.o
 .ARM.attributes
                0x000002b4       0x2d ./Drivers/STM32L1xx_HAL_Driver/Src/stm32l1xx_hal_i2c.o
 .ARM.attributes
                0x000002e1       0x2d ./Drivers/STM32L1xx_HAL_Driver/Src/stm32l1xx_hal_rcc.o
 .ARM.attributes
                0x0000030e       0x2d ./Drivers/STM32L1xx_HAL_Driver/Src/stm32l1xx_hal_spi.o
 .ARM.attributes
                0x0000033b       0x2d ./Drivers/STM32L1xx_HAL_Driver/Src/stm32l1xx_hal_uart.o
 .ARM.attributes
                0x00000368       0x2d /Applications/STM32CubeIDE.app/Contents/Eclipse/plugins/com.st.stm32cube.ide.mcu.externaltools.gnu-tools-for-stm32.13.3.rel1.macos64_1.0.0.202411102158/tools/bin/../lib/gcc/arm-none-eabi/13.3.1/../../../../arm-none-eabi/lib/thumb/v7-m/nofp/libc_nano.a(libc_a-memset.o)
 .ARM.attributes
                0x00000395       0x2d /Applications/STM32CubeIDE.app/Contents/Eclipse/plugins/com.st.stm32cube.ide.mcu.externaltools.gnu-tools-for-stm32.13.3.rel1.macos64_1.0.0.202411102158/tools/bin/../lib/gcc/arm-none-eabi/13.3.1/../../../../arm-none-eabi/lib/thumb/v7-m/nofp/libc_nano.a(libc_a-init.o)
 .ARM.attributes
                0x000003c2       0x1d /Applications/STM32CubeIDE.app/Contents/Eclipse/plugins/com.st.stm32cube.ide.mcu.externaltools.gnu-tools-for-stm32.13.3.rel1.macos64_1.0.0.202411102158/tools/bin/../lib/gcc/arm-none-eabi/13.3.1/thumb/v7-m/nofp/libgcc.a(_aeabi_uldivmod.o)
 .ARM.attributes
                0x000003df       0x2d /Applications/STM32CubeIDE.app/Contents/Eclipse/plugins/com.st.stm32cube.ide.mcu.externaltools.gnu-tools-for-stm32.13.3.rel1.macos64_1.0.0.202411102158/tools/bin/../lib/gcc/arm-none-eabi/13.3.1/thumb/v7-m/nofp/libgcc.a(_udivmoddi4.o)
 .ARM.attributes
                0x0000040c       0x1d /Applications/STM32CubeIDE.app/Contents/Eclipse/plugins/com.st.stm32cube.ide.mcu.externaltools.gnu-tools-for-stm32.13.3.rel1.macos64_1.0.0.202411102158/tools/bin/../lib/gcc/arm-none-eabi/13.3.1/thumb/v7-m/nofp/libgcc.a(_dvmd_tls.o)
 .ARM.attributes
                0x00000429       0x1d /Applications/STM32CubeIDE.app/Contents/Eclipse/plugins/com.st.stm32cube.ide.mcu.externaltools.gnu-tools-for-stm32.13.3.rel1.macos64_1.0.0.202411102158/tools/bin/../lib/gcc/arm-none-eabi/13.3.1/thumb/v7-m/nofp/crtn.o
OUTPUT(TauCamFinal.elf elf32-littlearm)
LOAD linker stubs
LOAD /Applications/STM32CubeIDE.app/Contents/Eclipse/plugins/com.st.stm32cube.ide.mcu.externaltools.gnu-tools-for-stm32.13.3.rel1.macos64_1.0.0.202411102158/tools/bin/../lib/gcc/arm-none-eabi/13.3.1/../../../../arm-none-eabi/lib/thumb/v7-m/nofp/libc.a
LOAD /Applications/STM32CubeIDE.app/Contents/Eclipse/plugins/com.st.stm32cube.ide.mcu.externaltools.gnu-tools-for-stm32.13.3.rel1.macos64_1.0.0.202411102158/tools/bin/../lib/gcc/arm-none-eabi/13.3.1/../../../../arm-none-eabi/lib/thumb/v7-m/nofp/libm.a
LOAD /Applications/STM32CubeIDE.app/Contents/Eclipse/plugins/com.st.stm32cube.ide.mcu.externaltools.gnu-tools-for-stm32.13.3.rel1.macos64_1.0.0.202411102158/tools/bin/../lib/gcc/arm-none-eabi/13.3.1/thumb/v7-m/nofp/libgcc.a

.debug_info     0x00000000     0xd276
 .debug_info    0x00000000      0xa7e ./Core/Src/Adafruit_TSC2007.o
 .debug_info    0x00000a7e      0x347 ./Core/Src/gpio.o
 .debug_info    0x00000dc5      0x85b ./Core/Src/i2c.o
 .debug_info    0x00001620      0xe57 ./Core/Src/ili9341_hal.o
 .debug_info    0x00002477      0xd8d ./Core/Src/main.o
 .debug_info    0x00003204      0x840 ./Core/Src/spi.o
 .debug_info    0x00003a44      0x1c7 ./Core/Src/stm32l1xx_hal_msp.o
 .debug_info    0x00003c0b      0x113 ./Core/Src/stm32l1xx_it.o
 .debug_info    0x00003d1e      0x27c ./Core/Src/system_stm32l1xx.o
 .debug_info    0x00003f9a      0x810 ./Core/Src/usart.o
 .debug_info    0x000047aa       0x30 ./Core/Startup/startup_stm32l152retx.o
 .debug_info    0x000047da      0x6ef ./Drivers/STM32L1xx_HAL_Driver/Src/stm32l1xx_hal.o
 .debug_info    0x00004ec9      0xce5 ./Drivers/STM32L1xx_HAL_Driver/Src/stm32l1xx_hal_cortex.o
 .debug_info    0x00005bae      0x5b2 ./Drivers/STM32L1xx_HAL_Driver/Src/stm32l1xx_hal_gpio.o
 .debug_info    0x00006160     0x23b3 ./Drivers/STM32L1xx_HAL_Driver/Src/stm32l1xx_hal_i2c.o
 .debug_info    0x00008513      0x99b ./Drivers/STM32L1xx_HAL_Driver/Src/stm32l1xx_hal_rcc.o
 .debug_info    0x00008eae     0x14d9 ./Drivers/STM32L1xx_HAL_Driver/Src/stm32l1xx_hal_spi.o
 .debug_info    0x0000a387     0x2eef ./Drivers/STM32L1xx_HAL_Driver/Src/stm32l1xx_hal_uart.o

.debug_abbrev   0x00000000     0x22cf
 .debug_abbrev  0x00000000      0x1ff ./Core/Src/Adafruit_TSC2007.o
 .debug_abbrev  0x000001ff      0x152 ./Core/Src/gpio.o
 .debug_abbrev  0x00000351      0x1f0 ./Core/Src/i2c.o
 .debug_abbrev  0x00000541      0x26a ./Core/Src/ili9341_hal.o
 .debug_abbrev  0x000007ab      0x278 ./Core/Src/main.o
 .debug_abbrev  0x00000a23      0x1f9 ./Core/Src/spi.o
 .debug_abbrev  0x00000c1c       0xe2 ./Core/Src/stm32l1xx_hal_msp.o
 .debug_abbrev  0x00000cfe       0x73 ./Core/Src/stm32l1xx_it.o
 .debug_abbrev  0x00000d71      0x11c ./Core/Src/system_stm32l1xx.o
 .debug_abbrev  0x00000e8d      0x1f8 ./Core/Src/usart.o
 .debug_abbrev  0x00001085       0x24 ./Core/Startup/startup_stm32l152retx.o
 .debug_abbrev  0x000010a9      0x275 ./Drivers/STM32L1xx_HAL_Driver/Src/stm32l1xx_hal.o
 .debug_abbrev  0x0000131e      0x31c ./Drivers/STM32L1xx_HAL_Driver/Src/stm32l1xx_hal_cortex.o
 .debug_abbrev  0x0000163a      0x1d4 ./Drivers/STM32L1xx_HAL_Driver/Src/stm32l1xx_hal_gpio.o
 .debug_abbrev  0x0000180e      0x298 ./Drivers/STM32L1xx_HAL_Driver/Src/stm32l1xx_hal_i2c.o
 .debug_abbrev  0x00001aa6      0x2b8 ./Drivers/STM32L1xx_HAL_Driver/Src/stm32l1xx_hal_rcc.o
 .debug_abbrev  0x00001d5e      0x27a ./Drivers/STM32L1xx_HAL_Driver/Src/stm32l1xx_hal_spi.o
 .debug_abbrev  0x00001fd8      0x2f7 ./Drivers/STM32L1xx_HAL_Driver/Src/stm32l1xx_hal_uart.o

.debug_aranges  0x00000000      0xc30
 .debug_aranges
                0x00000000       0x58 ./Core/Src/Adafruit_TSC2007.o
 .debug_aranges
                0x00000058       0x20 ./Core/Src/gpio.o
 .debug_aranges
                0x00000078       0x30 ./Core/Src/i2c.o
 .debug_aranges
                0x000000a8       0xa8 ./Core/Src/ili9341_hal.o
 .debug_aranges
                0x00000150       0x40 ./Core/Src/main.o
 .debug_aranges
                0x00000190       0x30 ./Core/Src/spi.o
 .debug_aranges
                0x000001c0       0x20 ./Core/Src/stm32l1xx_hal_msp.o
 .debug_aranges
                0x000001e0       0x60 ./Core/Src/stm32l1xx_it.o
 .debug_aranges
                0x00000240       0x28 ./Core/Src/system_stm32l1xx.o
 .debug_aranges
                0x00000268       0x30 ./Core/Src/usart.o
 .debug_aranges
                0x00000298       0x28 ./Core/Startup/startup_stm32l152retx.o
 .debug_aranges
                0x000002c0       0xe0 ./Drivers/STM32L1xx_HAL_Driver/Src/stm32l1xx_hal.o
 .debug_aranges
                0x000003a0      0x128 ./Drivers/STM32L1xx_HAL_Driver/Src/stm32l1xx_hal_cortex.o
 .debug_aranges
                0x000004c8       0x58 ./Drivers/STM32L1xx_HAL_Driver/Src/stm32l1xx_hal_gpio.o
 .debug_aranges
                0x00000520      0x2a8 ./Drivers/STM32L1xx_HAL_Driver/Src/stm32l1xx_hal_i2c.o
 .debug_aranges
                0x000007c8       0x90 ./Drivers/STM32L1xx_HAL_Driver/Src/stm32l1xx_hal_rcc.o
 .debug_aranges
                0x00000858      0x1d0 ./Drivers/STM32L1xx_HAL_Driver/Src/stm32l1xx_hal_spi.o
 .debug_aranges
                0x00000a28      0x208 ./Drivers/STM32L1xx_HAL_Driver/Src/stm32l1xx_hal_uart.o

.debug_rnglists
                0x00000000      0x985
 .debug_rnglists
                0x00000000       0x3f ./Core/Src/Adafruit_TSC2007.o
 .debug_rnglists
                0x0000003f       0x14 ./Core/Src/gpio.o
 .debug_rnglists
                0x00000053       0x20 ./Core/Src/i2c.o
 .debug_rnglists
                0x00000073       0x8d ./Core/Src/ili9341_hal.o
 .debug_rnglists
                0x00000100       0x2d ./Core/Src/main.o
 .debug_rnglists
                0x0000012d       0x20 ./Core/Src/spi.o
 .debug_rnglists
                0x0000014d       0x13 ./Core/Src/stm32l1xx_hal_msp.o
 .debug_rnglists
                0x00000160       0x43 ./Core/Src/stm32l1xx_it.o
 .debug_rnglists
                0x000001a3       0x1a ./Core/Src/system_stm32l1xx.o
 .debug_rnglists
                0x000001bd       0x20 ./Core/Src/usart.o
 .debug_rnglists
                0x000001dd       0x19 ./Core/Startup/startup_stm32l152retx.o
 .debug_rnglists
                0x000001f6       0xa3 ./Drivers/STM32L1xx_HAL_Driver/Src/stm32l1xx_hal.o
 .debug_rnglists
                0x00000299       0xd9 ./Drivers/STM32L1xx_HAL_Driver/Src/stm32l1xx_hal_cortex.o
 .debug_rnglists
                0x00000372       0x3f ./Drivers/STM32L1xx_HAL_Driver/Src/stm32l1xx_hal_gpio.o
 .debug_rnglists
                0x000003b1      0x23c ./Drivers/STM32L1xx_HAL_Driver/Src/stm32l1xx_hal_i2c.o
 .debug_rnglists
                0x000005ed       0x6d ./Drivers/STM32L1xx_HAL_Driver/Src/stm32l1xx_hal_rcc.o
 .debug_rnglists
                0x0000065a      0x16f ./Drivers/STM32L1xx_HAL_Driver/Src/stm32l1xx_hal_spi.o
 .debug_rnglists
                0x000007c9      0x1bc ./Drivers/STM32L1xx_HAL_Driver/Src/stm32l1xx_hal_uart.o

.debug_macro    0x00000000    0x16a31
 .debug_macro   0x00000000      0x294 ./Core/Src/Adafruit_TSC2007.o
 .debug_macro   0x00000294      0xacc ./Core/Src/Adafruit_TSC2007.o
 .debug_macro   0x00000d60      0x115 ./Core/Src/Adafruit_TSC2007.o
 .debug_macro   0x00000e75       0x2e ./Core/Src/Adafruit_TSC2007.o
 .debug_macro   0x00000ea3       0x22 ./Core/Src/Adafruit_TSC2007.o
 .debug_macro   0x00000ec5       0x22 ./Core/Src/Adafruit_TSC2007.o
 .debug_macro   0x00000ee7       0x8e ./Core/Src/Adafruit_TSC2007.o
 .debug_macro   0x00000f75       0x51 ./Core/Src/Adafruit_TSC2007.o
 .debug_macro   0x00000fc6      0x103 ./Core/Src/Adafruit_TSC2007.o
 .debug_macro   0x000010c9       0x6a ./Core/Src/Adafruit_TSC2007.o
 .debug_macro   0x00001133      0x1df ./Core/Src/Adafruit_TSC2007.o
 .debug_macro   0x00001312       0x1c ./Core/Src/Adafruit_TSC2007.o
 .debug_macro   0x0000132e       0x22 ./Core/Src/Adafruit_TSC2007.o
 .debug_macro   0x00001350       0xbd ./Core/Src/Adafruit_TSC2007.o
 .debug_macro   0x0000140d      0xe49 ./Core/Src/Adafruit_TSC2007.o
 .debug_macro   0x00002256      0x11f ./Core/Src/Adafruit_TSC2007.o
 .debug_macro   0x00002375     0xb7a1 ./Core/Src/Adafruit_TSC2007.o
 .debug_macro   0x0000db16       0x6d ./Core/Src/Adafruit_TSC2007.o
 .debug_macro   0x0000db83     0x34e1 ./Core/Src/Adafruit_TSC2007.o
 .debug_macro   0x00011064      0x190 ./Core/Src/Adafruit_TSC2007.o
 .debug_macro   0x000111f4       0x5b ./Core/Src/Adafruit_TSC2007.o
 .debug_macro   0x0001124f      0xe37 ./Core/Src/Adafruit_TSC2007.o
 .debug_macro   0x00012086      0x35b ./Core/Src/Adafruit_TSC2007.o
 .debug_macro   0x000123e1      0x1b8 ./Core/Src/Adafruit_TSC2007.o
 .debug_macro   0x00012599       0xc5 ./Core/Src/Adafruit_TSC2007.o
 .debug_macro   0x0001265e      0x21e ./Core/Src/Adafruit_TSC2007.o
 .debug_macro   0x0001287c      0x236 ./Core/Src/Adafruit_TSC2007.o
 .debug_macro   0x00012ab2      0x115 ./Core/Src/Adafruit_TSC2007.o
 .debug_macro   0x00012bc7      0x567 ./Core/Src/Adafruit_TSC2007.o
 .debug_macro   0x0001312e      0x287 ./Core/Src/Adafruit_TSC2007.o
 .debug_macro   0x000133b5      0x1e9 ./Core/Src/Adafruit_TSC2007.o
 .debug_macro   0x0001359e       0x22 ./Core/Src/Adafruit_TSC2007.o
 .debug_macro   0x000135c0      0x225 ./Core/Src/Adafruit_TSC2007.o
 .debug_macro   0x000137e5      0x2aa ./Core/Src/Adafruit_TSC2007.o
 .debug_macro   0x00013a8f      0x170 ./Core/Src/Adafruit_TSC2007.o
 .debug_macro   0x00013bff      0x492 ./Core/Src/Adafruit_TSC2007.o
 .debug_macro   0x00014091       0x22 ./Core/Src/Adafruit_TSC2007.o
 .debug_macro   0x000140b3       0x24 ./Core/Src/Adafruit_TSC2007.o
 .debug_macro   0x000140d7       0x61 ./Core/Src/Adafruit_TSC2007.o
 .debug_macro   0x00014138       0x43 ./Core/Src/Adafruit_TSC2007.o
 .debug_macro   0x0001417b       0x34 ./Core/Src/Adafruit_TSC2007.o
 .debug_macro   0x000141af       0x16 ./Core/Src/Adafruit_TSC2007.o
 .debug_macro   0x000141c5       0x3c ./Core/Src/Adafruit_TSC2007.o
 .debug_macro   0x00014201      0x370 ./Core/Src/Adafruit_TSC2007.o
 .debug_macro   0x00014571       0x16 ./Core/Src/Adafruit_TSC2007.o
 .debug_macro   0x00014587       0x4a ./Core/Src/Adafruit_TSC2007.o
 .debug_macro   0x000145d1       0x34 ./Core/Src/Adafruit_TSC2007.o
 .debug_macro   0x00014605       0x10 ./Core/Src/Adafruit_TSC2007.o
 .debug_macro   0x00014615       0x58 ./Core/Src/Adafruit_TSC2007.o
 .debug_macro   0x0001466d       0x8e ./Core/Src/Adafruit_TSC2007.o
 .debug_macro   0x000146fb       0x1c ./Core/Src/Adafruit_TSC2007.o
 .debug_macro   0x00014717      0x185 ./Core/Src/Adafruit_TSC2007.o
 .debug_macro   0x0001489c       0x16 ./Core/Src/Adafruit_TSC2007.o
 .debug_macro   0x000148b2       0x29 ./Core/Src/Adafruit_TSC2007.o
 .debug_macro   0x000148db      0x1c8 ./Core/Src/gpio.o
 .debug_macro   0x00014aa3       0x70 ./Core/Src/gpio.o
 .debug_macro   0x00014b13      0x1c8 ./Core/Src/i2c.o
 .debug_macro   0x00014cdb      0x2c0 ./Core/Src/ili9341_hal.o
 .debug_macro   0x00014f9b       0x52 ./Core/Src/ili9341_hal.o
 .debug_macro   0x00014fed       0x76 ./Core/Src/ili9341_hal.o
 .debug_macro   0x00015063      0x2fa ./Core/Src/main.o
 .debug_macro   0x0001535d      0x19b ./Core/Src/main.o
 .debug_macro   0x000154f8       0x10 ./Core/Src/main.o
 .debug_macro   0x00015508      0x1c8 ./Core/Src/spi.o
 .debug_macro   0x000156d0      0x1be ./Core/Src/stm32l1xx_hal_msp.o
 .debug_macro   0x0001588e      0x1c8 ./Core/Src/stm32l1xx_it.o
 .debug_macro   0x00015a56      0x1af ./Core/Src/system_stm32l1xx.o
 .debug_macro   0x00015c05      0x1c8 ./Core/Src/usart.o
 .debug_macro   0x00015dcd      0x1d3 ./Drivers/STM32L1xx_HAL_Driver/Src/stm32l1xx_hal.o
 .debug_macro   0x00015fa0      0x1af ./Drivers/STM32L1xx_HAL_Driver/Src/stm32l1xx_hal_cortex.o
 .debug_macro   0x0001614f      0x1b6 ./Drivers/STM32L1xx_HAL_Driver/Src/stm32l1xx_hal_gpio.o
 .debug_macro   0x00016305      0x1fd ./Drivers/STM32L1xx_HAL_Driver/Src/stm32l1xx_hal_i2c.o
 .debug_macro   0x00016502      0x1c1 ./Drivers/STM32L1xx_HAL_Driver/Src/stm32l1xx_hal_rcc.o
 .debug_macro   0x000166c3      0x1be ./Drivers/STM32L1xx_HAL_Driver/Src/stm32l1xx_hal_spi.o
 .debug_macro   0x00016881      0x1b0 ./Drivers/STM32L1xx_HAL_Driver/Src/stm32l1xx_hal_uart.o

.debug_line     0x00000000     0xfc96
 .debug_line    0x00000000      0x9d0 ./Core/Src/Adafruit_TSC2007.o
 .debug_line    0x000009d0      0x6f4 ./Core/Src/gpio.o
 .debug_line    0x000010c4      0x72c ./Core/Src/i2c.o
 .debug_line    0x000017f0      0xcdb ./Core/Src/ili9341_hal.o
 .debug_line    0x000024cb      0x941 ./Core/Src/main.o
 .debug_line    0x00002e0c      0x734 ./Core/Src/spi.o
 .debug_line    0x00003540      0x6c0 ./Core/Src/stm32l1xx_hal_msp.o
 .debug_line    0x00003c00      0x76d ./Core/Src/stm32l1xx_it.o
 .debug_line    0x0000436d      0x75f ./Core/Src/system_stm32l1xx.o
 .debug_line    0x00004acc      0x72c ./Core/Src/usart.o
 .debug_line    0x000051f8       0x79 ./Core/Startup/startup_stm32l152retx.o
 .debug_line    0x00005271      0x98a ./Drivers/STM32L1xx_HAL_Driver/Src/stm32l1xx_hal.o
 .debug_line    0x00005bfb      0xc59 ./Drivers/STM32L1xx_HAL_Driver/Src/stm32l1xx_hal_cortex.o
 .debug_line    0x00006854      0x9ce ./Drivers/STM32L1xx_HAL_Driver/Src/stm32l1xx_hal_gpio.o
 .debug_line    0x00007222     0x39fe ./Drivers/STM32L1xx_HAL_Driver/Src/stm32l1xx_hal_i2c.o
 .debug_line    0x0000ac20      0xf4e ./Drivers/STM32L1xx_HAL_Driver/Src/stm32l1xx_hal_rcc.o
 .debug_line    0x0000bb6e     0x1c49 ./Drivers/STM32L1xx_HAL_Driver/Src/stm32l1xx_hal_spi.o
 .debug_line    0x0000d7b7     0x24df ./Drivers/STM32L1xx_HAL_Driver/Src/stm32l1xx_hal_uart.o

.debug_str      0x00000000    0x89f10
 .debug_str     0x00000000    0x89f10 ./Core/Src/Adafruit_TSC2007.o
                              0x865ac (size before relaxing)
 .debug_str     0x00089f10    0x82e8e ./Core/Src/gpio.o
 .debug_str     0x00089f10    0x83348 ./Core/Src/i2c.o
 .debug_str     0x00089f10    0x8692d ./Core/Src/ili9341_hal.o
 .debug_str     0x00089f10    0x87329 ./Core/Src/main.o
 .debug_str     0x00089f10    0x832a5 ./Core/Src/spi.o
 .debug_str     0x00089f10    0x82de0 ./Core/Src/stm32l1xx_hal_msp.o
 .debug_str     0x00089f10    0x82de0 ./Core/Src/stm32l1xx_it.o
 .debug_str     0x00089f10    0x82ca8 ./Core/Src/system_stm32l1xx.o
 .debug_str     0x00089f10    0x832d6 ./Core/Src/usart.o
 .debug_str     0x00089f10       0x98 ./Core/Startup/startup_stm32l152retx.o
 .debug_str     0x00089f10    0x833d0 ./Drivers/STM32L1xx_HAL_Driver/Src/stm32l1xx_hal.o
 .debug_str     0x00089f10    0x834dc ./Drivers/STM32L1xx_HAL_Driver/Src/stm32l1xx_hal_cortex.o
 .debug_str     0x00089f10    0x82e3b ./Drivers/STM32L1xx_HAL_Driver/Src/stm32l1xx_hal_gpio.o
 .debug_str     0x00089f10    0x83d19 ./Drivers/STM32L1xx_HAL_Driver/Src/stm32l1xx_hal_i2c.o
 .debug_str     0x00089f10    0x83164 ./Drivers/STM32L1xx_HAL_Driver/Src/stm32l1xx_hal_rcc.o
 .debug_str     0x00089f10    0x835ca ./Drivers/STM32L1xx_HAL_Driver/Src/stm32l1xx_hal_spi.o
 .debug_str     0x00089f10    0x8370d ./Drivers/STM32L1xx_HAL_Driver/Src/stm32l1xx_hal_uart.o

.comment        0x00000000       0x43
 .comment       0x00000000       0x43 ./Core/Src/Adafruit_TSC2007.o
                                 0x44 (size before relaxing)
 .comment       0x00000043       0x44 ./Core/Src/gpio.o
 .comment       0x00000043       0x44 ./Core/Src/i2c.o
 .comment       0x00000043       0x44 ./Core/Src/ili9341_hal.o
 .comment       0x00000043       0x44 ./Core/Src/main.o
 .comment       0x00000043       0x44 ./Core/Src/spi.o
 .comment       0x00000043       0x44 ./Core/Src/stm32l1xx_hal_msp.o
 .comment       0x00000043       0x44 ./Core/Src/stm32l1xx_it.o
 .comment       0x00000043       0x44 ./Core/Src/system_stm32l1xx.o
 .comment       0x00000043       0x44 ./Core/Src/usart.o
 .comment       0x00000043       0x44 ./Drivers/STM32L1xx_HAL_Driver/Src/stm32l1xx_hal.o
 .comment       0x00000043       0x44 ./Drivers/STM32L1xx_HAL_Driver/Src/stm32l1xx_hal_cortex.o
 .comment       0x00000043       0x44 ./Drivers/STM32L1xx_HAL_Driver/Src/stm32l1xx_hal_gpio.o
 .comment       0x00000043       0x44 ./Drivers/STM32L1xx_HAL_Driver/Src/stm32l1xx_hal_i2c.o
 .comment       0x00000043       0x44 ./Drivers/STM32L1xx_HAL_Driver/Src/stm32l1xx_hal_rcc.o
 .comment       0x00000043       0x44 ./Drivers/STM32L1xx_HAL_Driver/Src/stm32l1xx_hal_spi.o
 .comment       0x00000043       0x44 ./Drivers/STM32L1xx_HAL_Driver/Src/stm32l1xx_hal_uart.o

.debug_frame    0x00000000     0x31e8
 .debug_frame   0x00000000      0x138 ./Core/Src/Adafruit_TSC2007.o
 .debug_frame   0x00000138       0x34 ./Core/Src/gpio.o
 .debug_frame   0x0000016c       0x74 ./Core/Src/i2c.o
 .debug_frame   0x000001e0      0x2b4 ./Core/Src/ili9341_hal.o
 .debug_frame   0x00000494       0xac ./Core/Src/main.o
 .debug_frame   0x00000540       0x74 ./Core/Src/spi.o
 .debug_frame   0x000005b4       0x34 ./Core/Src/stm32l1xx_hal_msp.o
 .debug_frame   0x000005e8      0x104 ./Core/Src/stm32l1xx_it.o
 .debug_frame   0x000006ec       0x58 ./Core/Src/system_stm32l1xx.o
 .debug_frame   0x00000744       0x74 ./Core/Src/usart.o
 .debug_frame   0x000007b8      0x33c ./Drivers/STM32L1xx_HAL_Driver/Src/stm32l1xx_hal.o
 .debug_frame   0x00000af4      0x4e8 ./Drivers/STM32L1xx_HAL_Driver/Src/stm32l1xx_hal_cortex.o
 .debug_frame   0x00000fdc      0x14c ./Drivers/STM32L1xx_HAL_Driver/Src/stm32l1xx_hal_gpio.o
 .debug_frame   0x00001128      0xc84 ./Drivers/STM32L1xx_HAL_Driver/Src/stm32l1xx_hal_i2c.o
 .debug_frame   0x00001dac      0x224 ./Drivers/STM32L1xx_HAL_Driver/Src/stm32l1xx_hal_rcc.o
 .debug_frame   0x00001fd0      0x828 ./Drivers/STM32L1xx_HAL_Driver/Src/stm32l1xx_hal_spi.o
 .debug_frame   0x000027f8      0x944 ./Drivers/STM32L1xx_HAL_Driver/Src/stm32l1xx_hal_uart.o
 .debug_frame   0x0000313c       0x20 /Applications/STM32CubeIDE.app/Contents/Eclipse/plugins/com.st.stm32cube.ide.mcu.externaltools.gnu-tools-for-stm32.13.3.rel1.macos64_1.0.0.202411102158/tools/bin/../lib/gcc/arm-none-eabi/13.3.1/../../../../arm-none-eabi/lib/thumb/v7-m/nofp/libc_nano.a(libc_a-memset.o)
 .debug_frame   0x0000315c       0x2c /Applications/STM32CubeIDE.app/Contents/Eclipse/plugins/com.st.stm32cube.ide.mcu.externaltools.gnu-tools-for-stm32.13.3.rel1.macos64_1.0.0.202411102158/tools/bin/../lib/gcc/arm-none-eabi/13.3.1/../../../../arm-none-eabi/lib/thumb/v7-m/nofp/libc_nano.a(libc_a-init.o)
 .debug_frame   0x00003188       0x2c /Applications/STM32CubeIDE.app/Contents/Eclipse/plugins/com.st.stm32cube.ide.mcu.externaltools.gnu-tools-for-stm32.13.3.rel1.macos64_1.0.0.202411102158/tools/bin/../lib/gcc/arm-none-eabi/13.3.1/thumb/v7-m/nofp/libgcc.a(_aeabi_uldivmod.o)
 .debug_frame   0x000031b4       0x34 /Applications/STM32CubeIDE.app/Contents/Eclipse/plugins/com.st.stm32cube.ide.mcu.externaltools.gnu-tools-for-stm32.13.3.rel1.macos64_1.0.0.202411102158/tools/bin/../lib/gcc/arm-none-eabi/13.3.1/thumb/v7-m/nofp/libgcc.a(_udivmoddi4.o)

.debug_line_str
                0x00000000       0x7c
 .debug_line_str
                0x00000000       0x7c ./Core/Startup/startup_stm32l152retx.o
