Archive member included to satisfy reference by file (symbol)

/Applications/STM32CubeIDE.app/Contents/Eclipse/plugins/com.st.stm32cube.ide.mcu.externaltools.gnu-tools-for-stm32.13.3.rel1.macos64_1.0.0.202411102158/tools/bin/../lib/gcc/arm-none-eabi/13.3.1/../../../../arm-none-eabi/lib/thumb/v7-m/nofp/libc_nano.a(libc_a-exit.o)
                              /Applications/STM32CubeIDE.app/Contents/Eclipse/plugins/com.st.stm32cube.ide.mcu.externaltools.gnu-tools-for-stm32.13.3.rel1.macos64_1.0.0.202411102158/tools/bin/../lib/gcc/arm-none-eabi/13.3.1/../../../../arm-none-eabi/lib/thumb/v7-m/nofp/crt0.o (exit)
/Applications/STM32CubeIDE.app/Contents/Eclipse/plugins/com.st.stm32cube.ide.mcu.externaltools.gnu-tools-for-stm32.13.3.rel1.macos64_1.0.0.202411102158/tools/bin/../lib/gcc/arm-none-eabi/13.3.1/../../../../arm-none-eabi/lib/thumb/v7-m/nofp/libc_nano.a(libc_a-findfp.o)
                              /Applications/STM32CubeIDE.app/Contents/Eclipse/plugins/com.st.stm32cube.ide.mcu.externaltools.gnu-tools-for-stm32.13.3.rel1.macos64_1.0.0.202411102158/tools/bin/../lib/gcc/arm-none-eabi/13.3.1/../../../../arm-none-eabi/lib/thumb/v7-m/nofp/libc_nano.a(libc_a-exit.o) (__stdio_exit_handler)
/Applications/STM32CubeIDE.app/Contents/Eclipse/plugins/com.st.stm32cube.ide.mcu.externaltools.gnu-tools-for-stm32.13.3.rel1.macos64_1.0.0.202411102158/tools/bin/../lib/gcc/arm-none-eabi/13.3.1/../../../../arm-none-eabi/lib/thumb/v7-m/nofp/libc_nano.a(libc_a-fwalk.o)
                              /Applications/STM32CubeIDE.app/Contents/Eclipse/plugins/com.st.stm32cube.ide.mcu.externaltools.gnu-tools-for-stm32.13.3.rel1.macos64_1.0.0.202411102158/tools/bin/../lib/gcc/arm-none-eabi/13.3.1/../../../../arm-none-eabi/lib/thumb/v7-m/nofp/libc_nano.a(libc_a-findfp.o) (_fwalk_sglue)
/Applications/STM32CubeIDE.app/Contents/Eclipse/plugins/com.st.stm32cube.ide.mcu.externaltools.gnu-tools-for-stm32.13.3.rel1.macos64_1.0.0.202411102158/tools/bin/../lib/gcc/arm-none-eabi/13.3.1/../../../../arm-none-eabi/lib/thumb/v7-m/nofp/libc_nano.a(libc_a-memset.o)
                              /Applications/STM32CubeIDE.app/Contents/Eclipse/plugins/com.st.stm32cube.ide.mcu.externaltools.gnu-tools-for-stm32.13.3.rel1.macos64_1.0.0.202411102158/tools/bin/../lib/gcc/arm-none-eabi/13.3.1/../../../../arm-none-eabi/lib/thumb/v7-m/nofp/crt0.o (memset)
/Applications/STM32CubeIDE.app/Contents/Eclipse/plugins/com.st.stm32cube.ide.mcu.externaltools.gnu-tools-for-stm32.13.3.rel1.macos64_1.0.0.202411102158/tools/bin/../lib/gcc/arm-none-eabi/13.3.1/../../../../arm-none-eabi/lib/thumb/v7-m/nofp/libc_nano.a(libc_a-errno.o)
                              ./Core/Src/syscalls.o (__errno)
/Applications/STM32CubeIDE.app/Contents/Eclipse/plugins/com.st.stm32cube.ide.mcu.externaltools.gnu-tools-for-stm32.13.3.rel1.macos64_1.0.0.202411102158/tools/bin/../lib/gcc/arm-none-eabi/13.3.1/../../../../arm-none-eabi/lib/thumb/v7-m/nofp/libc_nano.a(libc_a-init.o)
                              /Applications/STM32CubeIDE.app/Contents/Eclipse/plugins/com.st.stm32cube.ide.mcu.externaltools.gnu-tools-for-stm32.13.3.rel1.macos64_1.0.0.202411102158/tools/bin/../lib/gcc/arm-none-eabi/13.3.1/../../../../arm-none-eabi/lib/thumb/v7-m/nofp/crt0.o (__libc_init_array)
/Applications/STM32CubeIDE.app/Contents/Eclipse/plugins/com.st.stm32cube.ide.mcu.externaltools.gnu-tools-for-stm32.13.3.rel1.macos64_1.0.0.202411102158/tools/bin/../lib/gcc/arm-none-eabi/13.3.1/../../../../arm-none-eabi/lib/thumb/v7-m/nofp/libc_nano.a(libc_a-lock.o)
                              /Applications/STM32CubeIDE.app/Contents/Eclipse/plugins/com.st.stm32cube.ide.mcu.externaltools.gnu-tools-for-stm32.13.3.rel1.macos64_1.0.0.202411102158/tools/bin/../lib/gcc/arm-none-eabi/13.3.1/../../../../arm-none-eabi/lib/thumb/v7-m/nofp/libc_nano.a(libc_a-findfp.o) (__retarget_lock_init_recursive)
/Applications/STM32CubeIDE.app/Contents/Eclipse/plugins/com.st.stm32cube.ide.mcu.externaltools.gnu-tools-for-stm32.13.3.rel1.macos64_1.0.0.202411102158/tools/bin/../lib/gcc/arm-none-eabi/13.3.1/../../../../arm-none-eabi/lib/thumb/v7-m/nofp/libc_nano.a(libc_a-impure.o)
                              /Applications/STM32CubeIDE.app/Contents/Eclipse/plugins/com.st.stm32cube.ide.mcu.externaltools.gnu-tools-for-stm32.13.3.rel1.macos64_1.0.0.202411102158/tools/bin/../lib/gcc/arm-none-eabi/13.3.1/../../../../arm-none-eabi/lib/thumb/v7-m/nofp/libc_nano.a(libc_a-errno.o) (_impure_ptr)
/Applications/STM32CubeIDE.app/Contents/Eclipse/plugins/com.st.stm32cube.ide.mcu.externaltools.gnu-tools-for-stm32.13.3.rel1.macos64_1.0.0.202411102158/tools/bin/../lib/gcc/arm-none-eabi/13.3.1/../../../../arm-none-eabi/lib/thumb/v7-m/nofp/libc_nano.a(libc_a-mallocr.o)
                              /Applications/STM32CubeIDE.app/Contents/Eclipse/plugins/com.st.stm32cube.ide.mcu.externaltools.gnu-tools-for-stm32.13.3.rel1.macos64_1.0.0.202411102158/tools/bin/../lib/gcc/arm-none-eabi/13.3.1/../../../../arm-none-eabi/lib/thumb/v7-m/nofp/libc_nano.a(libc_a-findfp.o) (_malloc_r)
[...]
Memory Configuration

Name             Origin             Length             Attributes
RAM              0x20000000         0x00014000         xrw
FLASH            0x08000000         0x00080000         xr
*default*        0x00000000         0xffffffff

Linker script and memory map

LOAD /Applications/STM32CubeIDE.app/Contents/Eclipse/plugins/com.st.stm32cube.ide.mcu.externaltools.gnu-tools-for-stm32.13.3.rel1.macos64_1.0.0.202411102158/tools/bin/../lib/gcc/arm-none-eabi/13.3.1/thumb/v7-m/nofp/crti.o
LOAD /Applications/STM32CubeIDE.app/Contents/Eclipse/plugins/com.st.stm32cube.ide.mcu.externaltools.gnu-tools-for-stm32.13.3.rel1.macos64_1.0.0.202411102158/tools/bin/../lib/gcc/arm-none-eabi/13.3.1/thumb/v7-m/nofp/crtbegin.o
LOAD /Applications/STM32CubeIDE.app/Contents/Eclipse/plugins/com.st.stm32cube.ide.mcu.externaltools.gnu-tools-for-stm32.13.3.rel1.macos64_1.0.0.202411102158/tools/bin/../lib/gcc/arm-none-eabi/13.3.1/../../../../arm-none-eabi/lib/thumb/v7-m/nofp/crt0.o
LOAD ./Core/Src/ILI9341.o
LOAD ./Core/Src/gpio.o
LOAD ./Core/Src/i2c.o
LOAD ./Core/Src/main.o
LOAD ./Core/Src/spi.o
LOAD ./Core/Src/stm32l1xx_hal_msp.o
LOAD ./Core/Src/stm32l1xx_it.o
LOAD ./Core/Src/syscalls.o
LOAD ./Core/Src/sysmem.o
LOAD ./Core/Src/system_stm32l1xx.o
LOAD ./Core/Src/usart.o
LOAD ./Core/Startup/startup_stm32l152retx.o
LOAD ./Drivers/STM32L1xx_HAL_Driver/Src/stm32l1xx_hal.o
LOAD ./Drivers/STM32L1xx_HAL_Driver/Src/stm32l1xx_hal_cortex.o
LOAD ./Drivers/STM32L1xx_HAL_Driver/Src/stm32l1xx_hal_dma.o
LOAD ./Drivers/STM32L1xx_HAL_Driver/Src/stm32l1xx_hal_exti.o
LOAD ./Drivers/STM32L1xx_HAL_Driver/Src/stm32l1xx_hal_flash.o
LOAD ./Drivers/STM32L1xx_HAL_Driver/Src/stm32l1xx_hal_flash_ex.o
LOAD ./Drivers/STM32L1xx_HAL_Driver/Src/stm32l1xx_hal_flash_ramfunc.o
LOAD ./Drivers/STM32L1xx_HAL_Driver/Src/stm32l1xx_hal_gpio.o
LOAD ./Drivers/STM32L1xx_HAL_Driver/Src/stm32l1xx_hal_i2c.o
LOAD ./Drivers/STM32L1xx_HAL_Driver/Src/stm32l1xx_hal_pwr.o
LOAD ./Drivers/STM32L1xx_HAL_Driver/Src/stm32l1xx_hal_pwr_ex.o
LOAD ./Drivers/STM32L1xx_HAL_Driver/Src/stm32l1xx_hal_rcc.o
LOAD ./Drivers/STM32L1xx_HAL_Driver/Src/stm32l1xx_hal_rcc_ex.o
LOAD ./Drivers/STM32L1xx_HAL_Driver/Src/stm32l1xx_hal_spi.o
LOAD ./Drivers/STM32L1xx_HAL_Driver/Src/stm32l1xx_hal_uart.o
LOAD ./FATFS/App/fatfs.o
LOAD ./FATFS/Target/user_diskio.o
LOAD ./Middlewares/Third_Party/FatFs/src/diskio.o
LOAD ./Middlewares/Third_Party/FatFs/src/ff.o
LOAD ./Middlewares/Third_Party/FatFs/src/ff_gen_drv.o
LOAD ./Middlewares/Third_Party/FatFs/src/option/syscall.o
START GROUP
LOAD /Applications/STM32CubeIDE.app/Contents/Eclipse/plugins/com.st.stm32cube.ide.mcu.externaltools.gnu-tools-for-stm32.13.3.rel1.macos64_1.0.0.202411102158/tools/bin/../lib/gcc/arm-none-eabi/13.3.1/../../../../arm-none-eabi/lib/thumb/v7-m/nofp/libc_nano.a
LOAD /Applications/STM32CubeIDE.app/Contents/Eclipse/plugins/com.st.stm32cube.ide.mcu.externaltools.gnu-tools-for-stm32.13.3.rel1.macos64_1.0.0.202411102158/tools/bin/../lib/gcc/arm-none-eabi/13.3.1/../../../../arm-none-eabi/lib/thumb/v7-m/nofp/libm.a
END GROUP
START GROUP
LOAD /Applications/STM32CubeIDE.app/Contents/Eclipse/plugins/com.st.stm32cube.ide.mcu.externaltools.gnu-tools-for-stm32.13.3.rel1.macos64_1.0.0.202411102158/tools/bin/../lib/gcc/arm-none-eabi/13.3.1/thumb/v7-m/nofp/libgcc.a
LOAD /Applications/STM32CubeIDE.app/Contents/Eclipse/plugins/com.st.stm32cube.ide.mcu.externaltools.gnu-tools-for-stm32.13.3.rel1.macos64_1.0.0.202411102158/tools/bin/../lib/gcc/arm-none-eabi/13.3.1/../../../../arm-none-eabi/lib/thumb/v7-m/nofp/libc_nano.a
END GROUP
START GROUP
LOAD /Applications/STM32CubeIDE.app/Contents/Eclipse/plugins/com.st.stm32cube.ide.mcu.externaltools.gnu-tools-for-stm32.13.3.rel1.macos64_1.0.0.202411102158/tools/bin/../lib/gcc/arm-none-eabi/13.3.1/thumb/v7-m/nofp/libgcc.a
LOAD /Applications/STM32CubeIDE.app/Contents/Eclipse/plugins/com.st.stm32cube.ide.mcu.externaltools.gnu-tools-for-stm32.13.3.rel1.macos64_1.0.0.202411102158/tools/bin/../lib/gcc/arm-none-eabi/13.3.1/../../../../arm-none-eabi/lib/thumb/v7-m/nofp/libc_nano.a
LOAD /Applications/STM32CubeIDE.app/Contents/Eclipse/plugins/com.st.stm32cube.ide.mcu.externaltools.gnu-tools-for-stm32.13.3.rel1.macos64_1.0.0.202411102158/tools/bin/../lib/gcc/arm-none-eabi/13.3.1/../../../../arm-none-eabi/lib/thumb/v7-m/nofp/libnosys.a
END GROUP
START GROUP
LOAD /Applications/STM32CubeIDE.app/Contents/Eclipse/plugins/com.st.stm32cube.ide.mcu.externaltools.gnu-tools-for-stm32.13.3.rel1.macos64_1.0.0.202411102158/tools/bin/../lib/gcc/arm-none-eabi/13.3.1/thumb/v7-m/nofp/libgcc.a
LOAD /Applications/STM32CubeIDE.app/Contents/Eclipse/plugins/com.st.stm32cube.ide.mcu.externaltools.gnu-tools-for-stm32.13.3.rel1.macos64_1.0.0.202411102158/tools/bin/../lib/gcc/arm-none-eabi/13.3.1/../../../../arm-none-eabi/lib/thumb/v7-m/nofp/libc_nano.a
LOAD /Applications/STM32CubeIDE.app/Contents/Eclipse/plugins/com.st.stm32cube.ide.mcu.externaltools.gnu-tools-for-stm32.13.3.rel1.macos64_1.0.0.202411102158/tools/bin/../lib/gcc/arm-none-eabi/13.3.1/../../../../arm-none-eabi/lib/thumb/v7-m/nofp/libnosys.a
END GROUP
LOAD /Applications/STM32CubeIDE.app/Contents/Eclipse/plugins/com.st.stm32cube.ide.mcu.externaltools.gnu-tools-for-stm32.13.3.rel1.macos64_1.0.0.202411102158/tools/bin/../lib/gcc/arm-none-eabi/13.3.1/thumb/v7-m/nofp/crtend.o
LOAD /Applications/STM32CubeIDE.app/Contents/Eclipse/plugins/com.st.stm32cube.ide.mcu.externaltools.gnu-tools-for-stm32.13.3.rel1.macos64_1.0.0.202411102158/tools/bin/../lib/gcc/arm-none-eabi/13.3.1/thumb/v7-m/nofp/crtn.o
                0x20014000                        _estack = (ORIGIN (RAM) + LENGTH (RAM))
                0x00000200                        _Min_Heap_Size = 0x200
                0x00000400                        _Min_Stack_Size = 0x400

.isr_vector     0x08000000      0x13c
                0x08000000                        . = ALIGN (0x4)
 *(.isr_vector)
 .isr_vector    0x08000000      0x13c ./Core/Startup/startup_stm32l152retx.o
                0x08000000                g_pfnVectors
                0x0800013c                        . = ALIGN (0x4)

.text           0x0800013c     0x29e4
                0x0800013c                        . = ALIGN (0x4)
 *(.text)
 .text          0x0800013c       0x40 /Applications/STM32CubeIDE.app/Contents/Eclipse/plugins/com.st.stm32cube.ide.mcu.externaltools.gnu-tools-for-stm32.13.3.rel1.macos64_1.0.0.202411102158/tools/bin/../lib/gcc/arm-none-eabi/13.3.1/thumb/v7-m/nofp/crtbegin.o
 .text          0x0800017c       0x30 /Applications/STM32CubeIDE.app/Contents/Eclipse/plugins/com.st.stm32cube.ide.mcu.externaltools.gnu-tools-for-stm32.13.3.rel1.macos64_1.0.0.202411102158/tools/bin/../lib/gcc/arm-none-eabi/13.3.1/thumb/v7-m/nofp/libgcc.a(_aeabi_uldivmod.o)
                0x0800017c                __aeabi_uldivmod
 .text          0x080001ac      0x300 /Applications/STM32CubeIDE.app/Contents/Eclipse/plugins/com.st.stm32cube.ide.mcu.externaltools.gnu-tools-for-stm32.13.3.rel1.macos64_1.0.0.202411102158/tools/bin/../lib/gcc/arm-none-eabi/13.3.1/thumb/v7-m/nofp/libgcc.a(_udivmoddi4.o)
                0x080001ac                __udivmoddi4
 .text          0x080004ac        0x4 /Applications/STM32CubeIDE.app/Contents/Eclipse/plugins/com.st.stm32cube.ide.mcu.externaltools.gnu-tools-for-stm32.13.3.rel1.macos64_1.0.0.202411102158/tools/bin/../lib/gcc/arm-none-eabi/13.3.1/thumb/v7-m/nofp/libgcc.a(_dvmd_tls.o)
                0x080004ac                __aeabi_ldiv0
                0x080004ac                __aeabi_idiv0
 *(.text*)
 .text.ILI9341_WriteCommand
                0x080004b0       0x48 ./Core/Src/ILI9341.o
                0x080004b0                ILI9341_WriteCommand
 .text.ILI9341_WriteData
                0x080004f8       0x48 ./Core/Src/ILI9341.o
                0x080004f8                ILI9341_WriteData
 .text.ILI9341_Init
                0x08000540       0xb0 ./Core/Src/ILI9341.o
                0x08000540                ILI9341_Init
 .text.ILI9341_SetAddrWindow
                0x080005f0       0xb8 ./Core/Src/ILI9341.o
                0x080005f0                ILI9341_SetAddrWindow
 .text.ILI9341_DrawPixel
                0x080006a8       0x4e ./Core/Src/ILI9341.o
                0x080006a8                ILI9341_DrawPixel
 *fill*         0x080006f6        0x2 
 .text.ILI9341_FillScreen
                0x080006f8       0x7c ./Core/Src/ILI9341.o
                0x080006f8                ILI9341_FillScreen
 .text.ILI9341_DrawLine
                0x08000774       0xda ./Core/Src/ILI9341.o
                0x08000774                ILI9341_DrawLine
 *fill*         0x0800084e        0x2 
 .text.MX_GPIO_Init
                0x08000850       0xf4 ./Core/Src/gpio.o
                0x08000850                MX_GPIO_Init
 .text.MX_I2C1_Init
                0x08000944       0x5c ./Core/Src/i2c.o
                0x08000944                MX_I2C1_Init
 .text.HAL_I2C_MspInit
                0x080009a0       0x88 ./Core/Src/i2c.o
                0x080009a0                HAL_I2C_MspInit
 .text.GenerateFakeData
                0x08000a28       0x54 ./Core/Src/main.o
                0x08000a28                GenerateFakeData
 .text.main     0x08000a7c       0x42 ./Core/Src/main.o
                0x08000a7c                main
 *fill*         0x08000abe        0x2 
 .text.SystemClock_Config
                0x08000ac0       0x9c ./Core/Src/main.o
                0x08000ac0                SystemClock_Config
 .text.Error_Handler
                0x08000b5c        0xc ./Core/Src/main.o
                0x08000b5c                Error_Handler
 .text.MX_SPI1_Init
                0x08000b68       0x6c ./Core/Src/spi.o
                0x08000b68                MX_SPI1_Init
 .text.HAL_SPI_MspInit
                0x08000bd4       0x88 ./Core/Src/spi.o
                0x08000bd4                HAL_SPI_MspInit
 .text.HAL_MspInit
                0x08000c5c       0x60 ./Core/Src/stm32l1xx_hal_msp.o
                0x08000c5c                HAL_MspInit
 .text.NMI_Handler
                0x08000cbc        0x8 ./Core/Src/stm32l1xx_it.o
                0x08000cbc                NMI_Handler
 .text.HardFault_Handler
                0x08000cc4        0x8 ./Core/Src/stm32l1xx_it.o
                0x08000cc4                HardFault_Handler
 .text.MemManage_Handler
                0x08000ccc        0x8 ./Core/Src/stm32l1xx_it.o
                0x08000ccc                MemManage_Handler
 .text.BusFault_Handler
                0x08000cd4        0x8 ./Core/Src/stm32l1xx_it.o
                0x08000cd4                BusFault_Handler
 .text.UsageFault_Handler
                0x08000cdc        0x8 ./Core/Src/stm32l1xx_it.o
                0x08000cdc                UsageFault_Handler
 .text.SVC_Handler
                0x08000ce4        0xc ./Core/Src/stm32l1xx_it.o
                0x08000ce4                SVC_Handler
 .text.DebugMon_Handler
                0x08000cf0        0xc ./Core/Src/stm32l1xx_it.o
                0x08000cf0                DebugMon_Handler
 .text.PendSV_Handler
                0x08000cfc        0xc ./Core/Src/stm32l1xx_it.o
                0x08000cfc                PendSV_Handler
 .text.SysTick_Handler
                0x08000d08        0xc ./Core/Src/stm32l1xx_it.o
                0x08000d08                SysTick_Handler
 .text.SystemInit
                0x08000d14        0xc ./Core/Src/system_stm32l1xx.o
                0x08000d14                SystemInit
 .text.MX_USART2_UART_Init
                0x08000d20       0x54 ./Core/Src/usart.o
                0x08000d20                MX_USART2_UART_Init
 .text.HAL_UART_MspInit
                0x08000d74       0x88 ./Core/Src/usart.o
                0x08000d74                HAL_UART_MspInit
 .text.Reset_Handler
                0x08000dfc       0x48 ./Core/Startup/startup_stm32l152retx.o
                0x08000dfc                Reset_Handler
 .text.Default_Handler
                0x08000e44        0x2 ./Core/Startup/startup_stm32l152retx.o
                0x08000e44                DMA2_Channel3_IRQHandler
                0x08000e44                EXTI2_IRQHandler
                0x08000e44                COMP_ACQ_IRQHandler
                0x08000e44                TIM10_IRQHandler
                0x08000e44                USB_HP_IRQHandler
                0x08000e44                TIM6_IRQHandler
                0x08000e44                PVD_IRQHandler
                0x08000e44                EXTI3_IRQHandler
                0x08000e44                EXTI0_IRQHandler
                0x08000e44                I2C2_EV_IRQHandler
                0x08000e44                SPI1_IRQHandler
                0x08000e44                USB_FS_WKUP_IRQHandler
                0x08000e44                DMA2_Channel2_IRQHandler
                0x08000e44                DMA1_Channel4_IRQHandler
                0x08000e44                ADC1_IRQHandler
                0x08000e44                USART3_IRQHandler
                0x08000e44                DMA1_Channel7_IRQHandler
                0x08000e44                LCD_IRQHandler
                0x08000e44                UART5_IRQHandler
                0x08000e44                TIM4_IRQHandler
                0x08000e44                DMA2_Channel1_IRQHandler
                0x08000e44                I2C1_EV_IRQHandler
                0x08000e44                DMA1_Channel6_IRQHandler
                0x08000e44                UART4_IRQHandler
                0x08000e44                DMA2_Channel4_IRQHandler
                0x08000e44                TIM3_IRQHandler
                0x08000e44                RCC_IRQHandler
                0x08000e44                DMA1_Channel1_IRQHandler
                0x08000e44                Default_Handler
                0x08000e44                EXTI15_10_IRQHandler
                0x08000e44                TIM7_IRQHandler
                0x08000e44                TIM5_IRQHandler
                0x08000e44                EXTI9_5_IRQHandler
                0x08000e44                TIM9_IRQHandler
                0x08000e44                TAMPER_STAMP_IRQHandler
                0x08000e44                RTC_WKUP_IRQHandler
                0x08000e44                SPI2_IRQHandler
                0x08000e44                DMA2_Channel5_IRQHandler
                0x08000e44                DMA1_Channel5_IRQHandler
                0x08000e44                USB_LP_IRQHandler
                0x08000e44                EXTI4_IRQHandler
                0x08000e44                DMA1_Channel3_IRQHandler
                0x08000e44                COMP_IRQHandler
                0x08000e44                WWDG_IRQHandler
                0x08000e44                TIM2_IRQHandler
                0x08000e44                DAC_IRQHandler
                0x08000e44                EXTI1_IRQHandler
                0x08000e44                TIM11_IRQHandler
                0x08000e44                USART2_IRQHandler
                0x08000e44                I2C2_ER_IRQHandler
                0x08000e44                DMA1_Channel2_IRQHandler
                0x08000e44                FLASH_IRQHandler
                0x08000e44                USART1_IRQHandler
                0x08000e44                SPI3_IRQHandler
                0x08000e44                I2C1_ER_IRQHandler
                0x08000e44                RTC_Alarm_IRQHandler
 .text.HAL_Init
                0x08000e46       0x30 ./Drivers/STM32L1xx_HAL_Driver/Src/stm32l1xx_hal.o
                0x08000e46                HAL_Init
 *fill*         0x08000e76        0x2 
 .text.HAL_InitTick
                0x08000e78       0x74 ./Drivers/STM32L1xx_HAL_Driver/Src/stm32l1xx_hal.o
                0x08000e78                HAL_InitTick
 .text.HAL_IncTick
                0x08000eec       0x24 ./Drivers/STM32L1xx_HAL_Driver/Src/stm32l1xx_hal.o
                0x08000eec                HAL_IncTick
 .text.HAL_GetTick
                0x08000f10       0x14 ./Drivers/STM32L1xx_HAL_Driver/Src/stm32l1xx_hal.o
                0x08000f10                HAL_GetTick
 .text.HAL_Delay
                0x08000f24       0x44 ./Drivers/STM32L1xx_HAL_Driver/Src/stm32l1xx_hal.o
                0x08000f24                HAL_Delay
 .text.__NVIC_SetPriorityGrouping
                0x08000f68       0x48 ./Drivers/STM32L1xx_HAL_Driver/Src/stm32l1xx_hal_cortex.o
 .text.__NVIC_GetPriorityGrouping
                0x08000fb0       0x1c ./Drivers/STM32L1xx_HAL_Driver/Src/stm32l1xx_hal_cortex.o
 .text.__NVIC_SetPriority
                0x08000fcc       0x54 ./Drivers/STM32L1xx_HAL_Driver/Src/stm32l1xx_hal_cortex.o
 .text.NVIC_EncodePriority
                0x08001020       0x64 ./Drivers/STM32L1xx_HAL_Driver/Src/stm32l1xx_hal_cortex.o
 .text.SysTick_Config
                0x08001084       0x44 ./Drivers/STM32L1xx_HAL_Driver/Src/stm32l1xx_hal_cortex.o
 .text.HAL_NVIC_SetPriorityGrouping
                0x080010c8       0x16 ./Drivers/STM32L1xx_HAL_Driver/Src/stm32l1xx_hal_cortex.o
                0x080010c8                HAL_NVIC_SetPriorityGrouping
 .text.HAL_NVIC_SetPriority
                0x080010de       0x38 ./Drivers/STM32L1xx_HAL_Driver/Src/stm32l1xx_hal_cortex.o
                0x080010de                HAL_NVIC_SetPriority
 .text.HAL_SYSTICK_Config
                0x08001116       0x18 ./Drivers/STM32L1xx_HAL_Driver/Src/stm32l1xx_hal_cortex.o
                0x08001116                HAL_SYSTICK_Config
 *fill*         0x0800112e        0x2 
 .text.HAL_GPIO_Init
                0x08001130      0x320 ./Drivers/STM32L1xx_HAL_Driver/Src/stm32l1xx_hal_gpio.o
                0x08001130                HAL_GPIO_Init
 .text.HAL_GPIO_WritePin
                0x08001450       0x30 ./Drivers/STM32L1xx_HAL_Driver/Src/stm32l1xx_hal_gpio.o
                0x08001450                HAL_GPIO_WritePin
 .text.HAL_I2C_Init
                0x08001480      0x288 ./Drivers/STM32L1xx_HAL_Driver/Src/stm32l1xx_hal_i2c.o
                0x08001480                HAL_I2C_Init
 .text.HAL_RCC_OscConfig
                0x08001708      0x660 ./Drivers/STM32L1xx_HAL_Driver/Src/stm32l1xx_hal_rcc.o
                0x08001708                HAL_RCC_OscConfig
 .text.HAL_RCC_ClockConfig
                0x08001d68      0x268 ./Drivers/STM32L1xx_HAL_Driver/Src/stm32l1xx_hal_rcc.o
                0x08001d68                HAL_RCC_ClockConfig
 .text.HAL_RCC_GetSysClockFreq
                0x08001fd0      0x200 ./Drivers/STM32L1xx_HAL_Driver/Src/stm32l1xx_hal_rcc.o
                0x08001fd0                HAL_RCC_GetSysClockFreq
 .text.HAL_RCC_GetHCLKFreq
                0x080021d0       0x14 ./Drivers/STM32L1xx_HAL_Driver/Src/stm32l1xx_hal_rcc.o
                0x080021d0                HAL_RCC_GetHCLKFreq
 .text.HAL_RCC_GetPCLK1Freq
                0x080021e4       0x28 ./Drivers/STM32L1xx_HAL_Driver/Src/stm32l1xx_hal_rcc.o
                0x080021e4                HAL_RCC_GetPCLK1Freq
 .text.HAL_RCC_GetPCLK2Freq
                0x0800220c       0x28 ./Drivers/STM32L1xx_HAL_Driver/Src/stm32l1xx_hal_rcc.o
                0x0800220c                HAL_RCC_GetPCLK2Freq
 .text.RCC_SetFlashLatencyFromMSIRange
                0x08002234       0xc0 ./Drivers/STM32L1xx_HAL_Driver/Src/stm32l1xx_hal_rcc.o
 .text.HAL_SPI_Init
                0x080022f4      0x112 ./Drivers/STM32L1xx_HAL_Driver/Src/stm32l1xx_hal_spi.o
                0x080022f4                HAL_SPI_Init
 .text.HAL_SPI_Transmit
                0x08002406      0x288 ./Drivers/STM32L1xx_HAL_Driver/Src/stm32l1xx_hal_spi.o
                0x08002406                HAL_SPI_Transmit
 *fill*         0x0800268e        0x2 
 .text.SPI_WaitFlagStateUntilTimeout
                0x08002690      0x110 ./Drivers/STM32L1xx_HAL_Driver/Src/stm32l1xx_hal_spi.o
 .text.SPI_EndRxTxTransaction
                0x080027a0       0xa8 ./Drivers/STM32L1xx_HAL_Driver/Src/stm32l1xx_hal_spi.o
 .text.HAL_UART_Init
                0x08002848       0xa0 ./Drivers/STM32L1xx_HAL_Driver/Src/stm32l1xx_hal_uart.o
                0x08002848                HAL_UART_Init
 .text.UART_SetConfig
                0x080028e8      0x1c8 ./Drivers/STM32L1xx_HAL_Driver/Src/stm32l1xx_hal_uart.o
 .text.memset   0x08002ab0       0x10 /Applications/STM32CubeIDE.app/Contents/Eclipse/plugins/com.st.stm32cube.ide.mcu.externaltools.gnu-tools-for-stm32.13.3.rel1.macos64_1.0.0.202411102158/tools/bin/../lib/gcc/arm-none-eabi/13.3.1/../../../../arm-none-eabi/lib/thumb/v7-m/nofp/libc_nano.a(libc_a-memset.o)
                0x08002ab0                memset
 .text.__libc_init_array
                0x08002ac0       0x48 /Applications/STM32CubeIDE.app/Contents/Eclipse/plugins/com.st.stm32cube.ide.mcu.externaltools.gnu-tools-for-stm32.13.3.rel1.macos64_1.0.0.202411102158/tools/bin/../lib/gcc/arm-none-eabi/13.3.1/../../../../arm-none-eabi/lib/thumb/v7-m/nofp/libc_nano.a(libc_a-init.o)
                0x08002ac0                __libc_init_array
 *(.glue_7)
 .glue_7        0x08002b08        0x0 linker stubs
 *(.glue_7t)
 .glue_7t       0x08002b08        0x0 linker stubs
 *(.eh_frame)
 .eh_frame      0x08002b08        0x0 /Applications/STM32CubeIDE.app/Contents/Eclipse/plugins/com.st.stm32cube.ide.mcu.externaltools.gnu-tools-for-stm32.13.3.rel1.macos64_1.0.0.202411102158/tools/bin/../lib/gcc/arm-none-eabi/13.3.1/thumb/v7-m/nofp/crtbegin.o
 *(.init)
 .init          0x08002b08        0x4 /Applications/STM32CubeIDE.app/Contents/Eclipse/plugins/com.st.stm32cube.ide.mcu.externaltools.gnu-tools-for-stm32.13.3.rel1.macos64_1.0.0.202411102158/tools/bin/../lib/gcc/arm-none-eabi/13.3.1/thumb/v7-m/nofp/crti.o
                0x08002b08                _init
 .init          0x08002b0c        0x8 /Applications/STM32CubeIDE.app/Contents/Eclipse/plugins/com.st.stm32cube.ide.mcu.externaltools.gnu-tools-for-stm32.13.3.rel1.macos64_1.0.0.202411102158/tools/bin/../lib/gcc/arm-none-eabi/13.3.1/thumb/v7-m/nofp/crtn.o
 *(.fini)
 .fini          0x08002b14        0x4 /Applications/STM32CubeIDE.app/Contents/Eclipse/plugins/com.st.stm32cube.ide.mcu.externaltools.gnu-tools-for-stm32.13.3.rel1.macos64_1.0.0.202411102158/tools/bin/../lib/gcc/arm-none-eabi/13.3.1/thumb/v7-m/nofp/crti.o
                0x08002b14                _fini
 .fini          0x08002b18        0x8 /Applications/STM32CubeIDE.app/Contents/Eclipse/plugins/com.st.stm32cube.ide.mcu.externaltools.gnu-tools-for-stm32.13.3.rel1.macos64_1.0.0.202411102158/tools/bin/../lib/gcc/arm-none-eabi/13.3.1/thumb/v7-m/nofp/crtn.o
                0x08002b20                        . = ALIGN (0x4)
                0x08002b20                        _etext = .

.vfp11_veneer   0x08002b20        0x0
 .vfp11_veneer  0x08002b20        0x0 linker stubs

.v4_bx          0x08002b20        0x0
 .v4_bx         0x08002b20        0x0 linker stubs

.iplt           0x08002b20        0x0
 .iplt          0x08002b20        0x0 /Applications/STM32CubeIDE.app/Contents/Eclipse/plugins/com.st.stm32cube.ide.mcu.externaltools.gnu-tools-for-stm32.13.3.rel1.macos64_1.0.0.202411102158/tools/bin/../lib/gcc/arm-none-eabi/13.3.1/thumb/v7-m/nofp/crtbegin.o

.rodata         0x08002b20       0x2c
                0x08002b20                        . = ALIGN (0x4)
 *(.rodata)
 .rodata        0x08002b20        0x7 ./Core/Src/ILI9341.o
 *(.rodata*)
 *fill*         0x08002b27        0x1 
 .rodata.PLLMulTable
                0x08002b28        0x9 ./Core/Src/system_stm32l1xx.o
                0x08002b28                PLLMulTable
 *fill*         0x08002b31        0x3 
 .rodata.AHBPrescTable
                0x08002b34       0x10 ./Core/Src/system_stm32l1xx.o
                0x08002b34                AHBPrescTable
 .rodata.APBPrescTable
                0x08002b44        0x8 ./Core/Src/system_stm32l1xx.o
                0x08002b44                APBPrescTable
                0x08002b4c                        . = ALIGN (0x4)

.ARM.extab      0x08002b4c        0x0
                0x08002b4c                        . = ALIGN (0x4)
 *(.ARM.extab* .gnu.linkonce.armextab.*)
                0x08002b4c                        . = ALIGN (0x4)

.ARM            0x08002b4c        0x8
                0x08002b4c                        . = ALIGN (0x4)
                0x08002b4c                        __exidx_start = .
 *(.ARM.exidx*)
 .ARM.exidx     0x08002b4c        0x8 /Applications/STM32CubeIDE.app/Contents/Eclipse/plugins/com.st.stm32cube.ide.mcu.externaltools.gnu-tools-for-stm32.13.3.rel1.macos64_1.0.0.202411102158/tools/bin/../lib/gcc/arm-none-eabi/13.3.1/thumb/v7-m/nofp/libgcc.a(_udivmoddi4.o)
                0x08002b54                        __exidx_end = .
                0x08002b54                        . = ALIGN (0x4)

.preinit_array  0x08002b54        0x0
                0x08002b54                        . = ALIGN (0x4)
                0x08002b54                        PROVIDE (__preinit_array_start = .)
 *(.preinit_array*)
                0x08002b54                        PROVIDE (__preinit_array_end = .)
                0x08002b54                        . = ALIGN (0x4)

.init_array     0x08002b54        0x4
                0x08002b54                        . = ALIGN (0x4)
                0x08002b54                        PROVIDE (__init_array_start = .)
 *(SORT_BY_NAME(.init_array.*))
 *(.init_array*)
 .init_array    0x08002b54        0x4 /Applications/STM32CubeIDE.app/Contents/Eclipse/plugins/com.st.stm32cube.ide.mcu.externaltools.gnu-tools-for-stm32.13.3.rel1.macos64_1.0.0.202411102158/tools/bin/../lib/gcc/arm-none-eabi/13.3.1/thumb/v7-m/nofp/crtbegin.o
                0x08002b58                        PROVIDE (__init_array_end = .)
                0x08002b58                        . = ALIGN (0x4)

.fini_array     0x08002b58        0x4
                0x08002b58                        . = ALIGN (0x4)
                [!provide]                        PROVIDE (__fini_array_start = .)
 *(SORT_BY_NAME(.fini_array.*))
 *(.fini_array*)
 .fini_array    0x08002b58        0x4 /Applications/STM32CubeIDE.app/Contents/Eclipse/plugins/com.st.stm32cube.ide.mcu.externaltools.gnu-tools-for-stm32.13.3.rel1.macos64_1.0.0.202411102158/tools/bin/../lib/gcc/arm-none-eabi/13.3.1/thumb/v7-m/nofp/crtbegin.o
                [!provide]                        PROVIDE (__fini_array_end = .)
                0x08002b5c                        . = ALIGN (0x4)
                0x08002b5c                        _sidata = LOADADDR (.data)

.rel.dyn        0x08002b5c        0x0
 .rel.iplt      0x08002b5c        0x0 /Applications/STM32CubeIDE.app/Contents/Eclipse/plugins/com.st.stm32cube.ide.mcu.externaltools.gnu-tools-for-stm32.13.3.rel1.macos64_1.0.0.202411102158/tools/bin/../lib/gcc/arm-none-eabi/13.3.1/thumb/v7-m/nofp/crtbegin.o

.data           0x20000000        0xc load address 0x08002b5c
                0x20000000                        . = ALIGN (0x4)
                0x20000000                        _sdata = .
 *(.data)
 *(.data*)
 .data.SystemCoreClock
                0x20000000        0x4 ./Core/Src/system_stm32l1xx.o
                0x20000000                SystemCoreClock
 .data.uwTickPrio
                0x20000004        0x4 ./Drivers/STM32L1xx_HAL_Driver/Src/stm32l1xx_hal.o
                0x20000004                uwTickPrio
 .data.uwTickFreq
                0x20000008        0x4 ./Drivers/STM32L1xx_HAL_Driver/Src/stm32l1xx_hal.o
                0x20000008                uwTickFreq
 *(.RamFunc)
 *(.RamFunc*)
                0x2000000c                        . = ALIGN (0x4)
                0x2000000c                        _edata = .

.igot.plt       0x2000000c        0x0 load address 0x08002b68
 .igot.plt      0x2000000c        0x0 /Applications/STM32CubeIDE.app/Contents/Eclipse/plugins/com.st.stm32cube.ide.mcu.externaltools.gnu-tools-for-stm32.13.3.rel1.macos64_1.0.0.202411102158/tools/bin/../lib/gcc/arm-none-eabi/13.3.1/thumb/v7-m/nofp/crtbegin.o
                0x2000000c                        . = ALIGN (0x4)

.bss            0x2000000c      0x114 load address 0x08002b68
                0x2000000c                        _sbss = .
                0x2000000c                        __bss_start__ = _sbss
 *(.bss)
 .bss           0x2000000c       0x1c /Applications/STM32CubeIDE.app/Contents/Eclipse/plugins/com.st.stm32cube.ide.mcu.externaltools.gnu-tools-for-stm32.13.3.rel1.macos64_1.0.0.202411102158/tools/bin/../lib/gcc/arm-none-eabi/13.3.1/thumb/v7-m/nofp/crtbegin.o
 *(.bss*)
 .bss.hi2c1     0x20000028       0x54 ./Core/Src/i2c.o
                0x20000028                hi2c1
 .bss.hspi1     0x2000007c       0x58 ./Core/Src/spi.o
                0x2000007c                hspi1
 .bss.huart2    0x200000d4       0x48 ./Core/Src/usart.o
                0x200000d4                huart2
 .bss.uwTick    0x2000011c        0x4 ./Drivers/STM32L1xx_HAL_Driver/Src/stm32l1xx_hal.o
                0x2000011c                uwTick
 *(COMMON)
                0x20000120                        . = ALIGN (0x4)
                0x20000120                        _ebss = .
                0x20000120                        __bss_end__ = _ebss

._user_heap_stack
                0x20000120      0x600 load address 0x08002b68
                0x20000120                        . = ALIGN (0x8)
                [!provide]                        PROVIDE (end = .)
                0x20000120                        PROVIDE (_end = .)
                0x20000320                        . = (. + _Min_Heap_Size)
 *fill*         0x20000120      0x200 
                0x20000720                        . = (. + _Min_Stack_Size)
 *fill*         0x20000320      0x400 
                0x20000720                        . = ALIGN (0x8)

/DISCARD/
 libc.a(*)
 libm.a(*)
 libgcc.a(*)

.ARM.attributes
                0x00000000       0x29
 *(.ARM.attributes)
 .ARM.attributes
                0x00000000       0x1d /Applications/STM32CubeIDE.app/Contents/Eclipse/plugins/com.st.stm32cube.ide.mcu.externaltools.gnu-tools-for-stm32.13.3.rel1.macos64_1.0.0.202411102158/tools/bin/../lib/gcc/arm-none-eabi/13.3.1/thumb/v7-m/nofp/crti.o
 .ARM.attributes
                0x0000001d       0x2d /Applications/STM32CubeIDE.app/Contents/Eclipse/plugins/com.st.stm32cube.ide.mcu.externaltools.gnu-tools-for-stm32.13.3.rel1.macos64_1.0.0.202411102158/tools/bin/../lib/gcc/arm-none-eabi/13.3.1/thumb/v7-m/nofp/crtbegin.o
 .ARM.attributes
                0x0000004a       0x2d ./Core/Src/ILI9341.o
 .ARM.attributes
                0x00000077       0x2d ./Core/Src/gpio.o
 .ARM.attributes
                0x000000a4       0x2d ./Core/Src/i2c.o
 .ARM.attributes
                0x000000d1       0x2d ./Core/Src/main.o
 .ARM.attributes
                0x000000fe       0x2d ./Core/Src/spi.o
 .ARM.attributes
                0x0000012b       0x2d ./Core/Src/stm32l1xx_hal_msp.o
 .ARM.attributes
                0x00000158       0x2d ./Core/Src/stm32l1xx_it.o
 .ARM.attributes
                0x00000185       0x2d ./Core/Src/system_stm32l1xx.o
 .ARM.attributes
                0x000001b2       0x2d ./Core/Src/usart.o
 .ARM.attributes
                0x000001df       0x21 ./Core/Startup/startup_stm32l152retx.o
 .ARM.attributes
                0x00000200       0x2d ./Drivers/STM32L1xx_HAL_Driver/Src/stm32l1xx_hal.o
 .ARM.attributes
                0x0000022d       0x2d ./Drivers/STM32L1xx_HAL_Driver/Src/stm32l1xx_hal_cortex.o
 .ARM.attributes
                0x0000025a       0x2d ./Drivers/STM32L1xx_HAL_Driver/Src/stm32l1xx_hal_gpio.o
 .ARM.attributes
                0x00000287       0x2d ./Drivers/STM32L1xx_HAL_Driver/Src/stm32l1xx_hal_i2c.o
 .ARM.attributes
                0x000002b4       0x2d ./Drivers/STM32L1xx_HAL_Driver/Src/stm32l1xx_hal_rcc.o
 .ARM.attributes
                0x000002e1       0x2d ./Drivers/STM32L1xx_HAL_Driver/Src/stm32l1xx_hal_spi.o
 .ARM.attributes
                0x0000030e       0x2d ./Drivers/STM32L1xx_HAL_Driver/Src/stm32l1xx_hal_uart.o
 .ARM.attributes
                0x0000033b       0x2d /Applications/STM32CubeIDE.app/Contents/Eclipse/plugins/com.st.stm32cube.ide.mcu.externaltools.gnu-tools-for-stm32.13.3.rel1.macos64_1.0.0.202411102158/tools/bin/../lib/gcc/arm-none-eabi/13.3.1/../../../../arm-none-eabi/lib/thumb/v7-m/nofp/libc_nano.a(libc_a-memset.o)
 .ARM.attributes
                0x00000368       0x2d /Applications/STM32CubeIDE.app/Contents/Eclipse/plugins/com.st.stm32cube.ide.mcu.externaltools.gnu-tools-for-stm32.13.3.rel1.macos64_1.0.0.202411102158/tools/bin/../lib/gcc/arm-none-eabi/13.3.1/../../../../arm-none-eabi/lib/thumb/v7-m/nofp/libc_nano.a(libc_a-init.o)
 .ARM.attributes
                0x00000395       0x1d /Applications/STM32CubeIDE.app/Contents/Eclipse/plugins/com.st.stm32cube.ide.mcu.externaltools.gnu-tools-for-stm32.13.3.rel1.macos64_1.0.0.202411102158/tools/bin/../lib/gcc/arm-none-eabi/13.3.1/thumb/v7-m/nofp/libgcc.a(_aeabi_uldivmod.o)
 .ARM.attributes
                0x000003b2       0x2d /Applications/STM32CubeIDE.app/Contents/Eclipse/plugins/com.st.stm32cube.ide.mcu.externaltools.gnu-tools-for-stm32.13.3.rel1.macos64_1.0.0.202411102158/tools/bin/../lib/gcc/arm-none-eabi/13.3.1/thumb/v7-m/nofp/libgcc.a(_udivmoddi4.o)
 .ARM.attributes
                0x000003df       0x1d /Applications/STM32CubeIDE.app/Contents/Eclipse/plugins/com.st.stm32cube.ide.mcu.externaltools.gnu-tools-for-stm32.13.3.rel1.macos64_1.0.0.202411102158/tools/bin/../lib/gcc/arm-none-eabi/13.3.1/thumb/v7-m/nofp/libgcc.a(_dvmd_tls.o)
 .ARM.attributes
                0x000003fc       0x1d /Applications/STM32CubeIDE.app/Contents/Eclipse/plugins/com.st.stm32cube.ide.mcu.externaltools.gnu-tools-for-stm32.13.3.rel1.macos64_1.0.0.202411102158/tools/bin/../lib/gcc/arm-none-eabi/13.3.1/thumb/v7-m/nofp/crtn.o
OUTPUT(TauCamFinal.elf elf32-littlearm)
LOAD linker stubs
LOAD /Applications/STM32CubeIDE.app/Contents/Eclipse/plugins/com.st.stm32cube.ide.mcu.externaltools.gnu-tools-for-stm32.13.3.rel1.macos64_1.0.0.202411102158/tools/bin/../lib/gcc/arm-none-eabi/13.3.1/../../../../arm-none-eabi/lib/thumb/v7-m/nofp/libc.a
LOAD /Applications/STM32CubeIDE.app/Contents/Eclipse/plugins/com.st.stm32cube.ide.mcu.externaltools.gnu-tools-for-stm32.13.3.rel1.macos64_1.0.0.202411102158/tools/bin/../lib/gcc/arm-none-eabi/13.3.1/../../../../arm-none-eabi/lib/thumb/v7-m/nofp/libm.a
LOAD /Applications/STM32CubeIDE.app/Contents/Eclipse/plugins/com.st.stm32cube.ide.mcu.externaltools.gnu-tools-for-stm32.13.3.rel1.macos64_1.0.0.202411102158/tools/bin/../lib/gcc/arm-none-eabi/13.3.1/thumb/v7-m/nofp/libgcc.a

.debug_info     0x00000000     0xb95c
 .debug_info    0x00000000      0x993 ./Core/Src/ILI9341.o
 .debug_info    0x00000993      0x347 ./Core/Src/gpio.o
 .debug_info    0x00000cda      0x85b ./Core/Src/i2c.o
 .debug_info    0x00001535      0x3b5 ./Core/Src/main.o
 .debug_info    0x000018ea      0x840 ./Core/Src/spi.o
 .debug_info    0x0000212a      0x1c7 ./Core/Src/stm32l1xx_hal_msp.o
 .debug_info    0x000022f1      0x113 ./Core/Src/stm32l1xx_it.o
 .debug_info    0x00002404      0x27c ./Core/Src/system_stm32l1xx.o
 .debug_info    0x00002680      0x810 ./Core/Src/usart.o
 .debug_info    0x00002e90       0x30 ./Core/Startup/startup_stm32l152retx.o
 .debug_info    0x00002ec0      0x6ef ./Drivers/STM32L1xx_HAL_Driver/Src/stm32l1xx_hal.o
 .debug_info    0x000035af      0xce5 ./Drivers/STM32L1xx_HAL_Driver/Src/stm32l1xx_hal_cortex.o
 .debug_info    0x00004294      0x5b2 ./Drivers/STM32L1xx_HAL_Driver/Src/stm32l1xx_hal_gpio.o
 .debug_info    0x00004846     0x23b3 ./Drivers/STM32L1xx_HAL_Driver/Src/stm32l1xx_hal_i2c.o
 .debug_info    0x00006bf9      0x99b ./Drivers/STM32L1xx_HAL_Driver/Src/stm32l1xx_hal_rcc.o
 .debug_info    0x00007594     0x14d9 ./Drivers/STM32L1xx_HAL_Driver/Src/stm32l1xx_hal_spi.o
 .debug_info    0x00008a6d     0x2eef ./Drivers/STM32L1xx_HAL_Driver/Src/stm32l1xx_hal_uart.o

.debug_abbrev   0x00000000     0x1fc3
 .debug_abbrev  0x00000000      0x205 ./Core/Src/ILI9341.o
 .debug_abbrev  0x00000205      0x152 ./Core/Src/gpio.o
 .debug_abbrev  0x00000357      0x1f0 ./Core/Src/i2c.o
 .debug_abbrev  0x00000547      0x1d0 ./Core/Src/main.o
 .debug_abbrev  0x00000717      0x1f9 ./Core/Src/spi.o
 .debug_abbrev  0x00000910       0xe2 ./Core/Src/stm32l1xx_hal_msp.o
 .debug_abbrev  0x000009f2       0x73 ./Core/Src/stm32l1xx_it.o
 .debug_abbrev  0x00000a65      0x11c ./Core/Src/system_stm32l1xx.o
 .debug_abbrev  0x00000b81      0x1f8 ./Core/Src/usart.o
 .debug_abbrev  0x00000d79       0x24 ./Core/Startup/startup_stm32l152retx.o
 .debug_abbrev  0x00000d9d      0x275 ./Drivers/STM32L1xx_HAL_Driver/Src/stm32l1xx_hal.o
 .debug_abbrev  0x00001012      0x31c ./Drivers/STM32L1xx_HAL_Driver/Src/stm32l1xx_hal_cortex.o
 .debug_abbrev  0x0000132e      0x1d4 ./Drivers/STM32L1xx_HAL_Driver/Src/stm32l1xx_hal_gpio.o
 .debug_abbrev  0x00001502      0x298 ./Drivers/STM32L1xx_HAL_Driver/Src/stm32l1xx_hal_i2c.o
 .debug_abbrev  0x0000179a      0x2b8 ./Drivers/STM32L1xx_HAL_Driver/Src/stm32l1xx_hal_rcc.o
 .debug_abbrev  0x00001a52      0x27a ./Drivers/STM32L1xx_HAL_Driver/Src/stm32l1xx_hal_spi.o
 .debug_abbrev  0x00001ccc      0x2f7 ./Drivers/STM32L1xx_HAL_Driver/Src/stm32l1xx_hal_uart.o

.debug_aranges  0x00000000      0xb88
 .debug_aranges
                0x00000000       0x60 ./Core/Src/ILI9341.o
 .debug_aranges
                0x00000060       0x20 ./Core/Src/gpio.o
 .debug_aranges
                0x00000080       0x30 ./Core/Src/i2c.o
 .debug_aranges
                0x000000b0       0x38 ./Core/Src/main.o
 .debug_aranges
                0x000000e8       0x30 ./Core/Src/spi.o
 .debug_aranges
                0x00000118       0x20 ./Core/Src/stm32l1xx_hal_msp.o
 .debug_aranges
                0x00000138       0x60 ./Core/Src/stm32l1xx_it.o
 .debug_aranges
                0x00000198       0x28 ./Core/Src/system_stm32l1xx.o
 .debug_aranges
                0x000001c0       0x30 ./Core/Src/usart.o
 .debug_aranges
                0x000001f0       0x28 ./Core/Startup/startup_stm32l152retx.o
 .debug_aranges
                0x00000218       0xe0 ./Drivers/STM32L1xx_HAL_Driver/Src/stm32l1xx_hal.o
 .debug_aranges
                0x000002f8      0x128 ./Drivers/STM32L1xx_HAL_Driver/Src/stm32l1xx_hal_cortex.o
 .debug_aranges
                0x00000420       0x58 ./Drivers/STM32L1xx_HAL_Driver/Src/stm32l1xx_hal_gpio.o
 .debug_aranges
                0x00000478      0x2a8 ./Drivers/STM32L1xx_HAL_Driver/Src/stm32l1xx_hal_i2c.o
 .debug_aranges
                0x00000720       0x90 ./Drivers/STM32L1xx_HAL_Driver/Src/stm32l1xx_hal_rcc.o
 .debug_aranges
                0x000007b0      0x1d0 ./Drivers/STM32L1xx_HAL_Driver/Src/stm32l1xx_hal_spi.o
 .debug_aranges
                0x00000980      0x208 ./Drivers/STM32L1xx_HAL_Driver/Src/stm32l1xx_hal_uart.o

.debug_rnglists
                0x00000000      0x8f9
 .debug_rnglists
                0x00000000       0x47 ./Core/Src/ILI9341.o
 .debug_rnglists
                0x00000047       0x14 ./Core/Src/gpio.o
 .debug_rnglists
                0x0000005b       0x20 ./Core/Src/i2c.o
 .debug_rnglists
                0x0000007b       0x26 ./Core/Src/main.o
 .debug_rnglists
                0x000000a1       0x20 ./Core/Src/spi.o
 .debug_rnglists
                0x000000c1       0x13 ./Core/Src/stm32l1xx_hal_msp.o
 .debug_rnglists
                0x000000d4       0x43 ./Core/Src/stm32l1xx_it.o
 .debug_rnglists
                0x00000117       0x1a ./Core/Src/system_stm32l1xx.o
 .debug_rnglists
                0x00000131       0x20 ./Core/Src/usart.o
 .debug_rnglists
                0x00000151       0x19 ./Core/Startup/startup_stm32l152retx.o
 .debug_rnglists
                0x0000016a       0xa3 ./Drivers/STM32L1xx_HAL_Driver/Src/stm32l1xx_hal.o
 .debug_rnglists
                0x0000020d       0xd9 ./Drivers/STM32L1xx_HAL_Driver/Src/stm32l1xx_hal_cortex.o
 .debug_rnglists
                0x000002e6       0x3f ./Drivers/STM32L1xx_HAL_Driver/Src/stm32l1xx_hal_gpio.o
 .debug_rnglists
                0x00000325      0x23c ./Drivers/STM32L1xx_HAL_Driver/Src/stm32l1xx_hal_i2c.o
 .debug_rnglists
                0x00000561       0x6d ./Drivers/STM32L1xx_HAL_Driver/Src/stm32l1xx_hal_rcc.o
 .debug_rnglists
                0x000005ce      0x16f ./Drivers/STM32L1xx_HAL_Driver/Src/stm32l1xx_hal_spi.o
 .debug_rnglists
                0x0000073d      0x1bc ./Drivers/STM32L1xx_HAL_Driver/Src/stm32l1xx_hal_uart.o

.debug_macro    0x00000000    0x165a3
 .debug_macro   0x00000000      0x1ed ./Core/Src/ILI9341.o
 .debug_macro   0x000001ed      0xacc ./Core/Src/ILI9341.o
 .debug_macro   0x00000cb9      0x115 ./Core/Src/ILI9341.o
 .debug_macro   0x00000dce       0x2e ./Core/Src/ILI9341.o
 .debug_macro   0x00000dfc       0x22 ./Core/Src/ILI9341.o
 .debug_macro   0x00000e1e       0x22 ./Core/Src/ILI9341.o
 .debug_macro   0x00000e40       0x8e ./Core/Src/ILI9341.o
 .debug_macro   0x00000ece       0x51 ./Core/Src/ILI9341.o
 .debug_macro   0x00000f1f      0x103 ./Core/Src/ILI9341.o
 .debug_macro   0x00001022       0x6a ./Core/Src/ILI9341.o
 .debug_macro   0x0000108c      0x1df ./Core/Src/ILI9341.o
 .debug_macro   0x0000126b       0x1c ./Core/Src/ILI9341.o
 .debug_macro   0x00001287       0x22 ./Core/Src/ILI9341.o
 .debug_macro   0x000012a9       0xbd ./Core/Src/ILI9341.o
 .debug_macro   0x00001366      0xe49 ./Core/Src/ILI9341.o
 .debug_macro   0x000021af      0x11f ./Core/Src/ILI9341.o
 .debug_macro   0x000022ce     0xb7a1 ./Core/Src/ILI9341.o
 .debug_macro   0x0000da6f       0x6d ./Core/Src/ILI9341.o
 .debug_macro   0x0000dadc     0x34e1 ./Core/Src/ILI9341.o
 .debug_macro   0x00010fbd      0x190 ./Core/Src/ILI9341.o
 .debug_macro   0x0001114d       0x5b ./Core/Src/ILI9341.o
 .debug_macro   0x000111a8      0xe37 ./Core/Src/ILI9341.o
 .debug_macro   0x00011fdf      0x35b ./Core/Src/ILI9341.o
 .debug_macro   0x0001233a      0x1b8 ./Core/Src/ILI9341.o
 .debug_macro   0x000124f2       0xc5 ./Core/Src/ILI9341.o
 .debug_macro   0x000125b7      0x21e ./Core/Src/ILI9341.o
 .debug_macro   0x000127d5      0x236 ./Core/Src/ILI9341.o
 .debug_macro   0x00012a0b      0x115 ./Core/Src/ILI9341.o
 .debug_macro   0x00012b20      0x567 ./Core/Src/ILI9341.o
 .debug_macro   0x00013087      0x287 ./Core/Src/ILI9341.o
 .debug_macro   0x0001330e      0x1e9 ./Core/Src/ILI9341.o
 .debug_macro   0x000134f7       0x22 ./Core/Src/ILI9341.o
 .debug_macro   0x00013519      0x225 ./Core/Src/ILI9341.o
 .debug_macro   0x0001373e      0x2aa ./Core/Src/ILI9341.o
 .debug_macro   0x000139e8      0x170 ./Core/Src/ILI9341.o
 .debug_macro   0x00013b58      0x492 ./Core/Src/ILI9341.o
 .debug_macro   0x00013fea       0x40 ./Core/Src/ILI9341.o
 .debug_macro   0x0001402a       0x76 ./Core/Src/ILI9341.o
 .debug_macro   0x000140a0      0x1c8 ./Core/Src/gpio.o
 .debug_macro   0x00014268       0x70 ./Core/Src/gpio.o
 .debug_macro   0x000142d8      0x1c8 ./Core/Src/i2c.o
 .debug_macro   0x000144a0      0x2a8 ./Core/Src/main.o
 .debug_macro   0x00014748       0x61 ./Core/Src/main.o
 .debug_macro   0x000147a9       0x24 ./Core/Src/main.o
 .debug_macro   0x000147cd       0x43 ./Core/Src/main.o
 .debug_macro   0x00014810       0x34 ./Core/Src/main.o
 .debug_macro   0x00014844      0x370 ./Core/Src/main.o
 .debug_macro   0x00014bb4       0x16 ./Core/Src/main.o
 .debug_macro   0x00014bca       0x4a ./Core/Src/main.o
 .debug_macro   0x00014c14       0x34 ./Core/Src/main.o
 .debug_macro   0x00014c48       0x10 ./Core/Src/main.o
 .debug_macro   0x00014c58       0x58 ./Core/Src/main.o
 .debug_macro   0x00014cb0       0x8e ./Core/Src/main.o
 .debug_macro   0x00014d3e       0x1c ./Core/Src/main.o
 .debug_macro   0x00014d5a      0x185 ./Core/Src/main.o
 .debug_macro   0x00014edf      0x19b ./Core/Src/main.o
 .debug_macro   0x0001507a      0x1c8 ./Core/Src/spi.o
 .debug_macro   0x00015242      0x1be ./Core/Src/stm32l1xx_hal_msp.o
 .debug_macro   0x00015400      0x1c8 ./Core/Src/stm32l1xx_it.o
 .debug_macro   0x000155c8      0x1af ./Core/Src/system_stm32l1xx.o
 .debug_macro   0x00015777      0x1c8 ./Core/Src/usart.o
 .debug_macro   0x0001593f      0x1d3 ./Drivers/STM32L1xx_HAL_Driver/Src/stm32l1xx_hal.o
 .debug_macro   0x00015b12      0x1af ./Drivers/STM32L1xx_HAL_Driver/Src/stm32l1xx_hal_cortex.o
 .debug_macro   0x00015cc1      0x1b6 ./Drivers/STM32L1xx_HAL_Driver/Src/stm32l1xx_hal_gpio.o
 .debug_macro   0x00015e77      0x1fd ./Drivers/STM32L1xx_HAL_Driver/Src/stm32l1xx_hal_i2c.o
 .debug_macro   0x00016074      0x1c1 ./Drivers/STM32L1xx_HAL_Driver/Src/stm32l1xx_hal_rcc.o
 .debug_macro   0x00016235      0x1be ./Drivers/STM32L1xx_HAL_Driver/Src/stm32l1xx_hal_spi.o
 .debug_macro   0x000163f3      0x1b0 ./Drivers/STM32L1xx_HAL_Driver/Src/stm32l1xx_hal_uart.o

.debug_line     0x00000000     0xee56
 .debug_line    0x00000000      0x8d7 ./Core/Src/ILI9341.o
 .debug_line    0x000008d7      0x6e6 ./Core/Src/gpio.o
 .debug_line    0x00000fbd      0x72c ./Core/Src/i2c.o
 .debug_line    0x000016e9      0x8e3 ./Core/Src/main.o
 .debug_line    0x00001fcc      0x734 ./Core/Src/spi.o
 .debug_line    0x00002700      0x6c0 ./Core/Src/stm32l1xx_hal_msp.o
 .debug_line    0x00002dc0      0x76d ./Core/Src/stm32l1xx_it.o
 .debug_line    0x0000352d      0x75f ./Core/Src/system_stm32l1xx.o
 .debug_line    0x00003c8c      0x72c ./Core/Src/usart.o
 .debug_line    0x000043b8       0x79 ./Core/Startup/startup_stm32l152retx.o
 .debug_line    0x00004431      0x98a ./Drivers/STM32L1xx_HAL_Driver/Src/stm32l1xx_hal.o
 .debug_line    0x00004dbb      0xc59 ./Drivers/STM32L1xx_HAL_Driver/Src/stm32l1xx_hal_cortex.o
 .debug_line    0x00005a14      0x9ce ./Drivers/STM32L1xx_HAL_Driver/Src/stm32l1xx_hal_gpio.o
 .debug_line    0x000063e2     0x39fe ./Drivers/STM32L1xx_HAL_Driver/Src/stm32l1xx_hal_i2c.o
 .debug_line    0x00009de0      0xf4e ./Drivers/STM32L1xx_HAL_Driver/Src/stm32l1xx_hal_rcc.o
 .debug_line    0x0000ad2e     0x1c49 ./Drivers/STM32L1xx_HAL_Driver/Src/stm32l1xx_hal_spi.o
 .debug_line    0x0000c977     0x24df ./Drivers/STM32L1xx_HAL_Driver/Src/stm32l1xx_hal_uart.o

.debug_str      0x00000000    0x89852
 .debug_str     0x00000000    0x89852 ./Core/Src/ILI9341.o
                              0x833c3 (size before relaxing)
 .debug_str     0x00089852    0x82e8d ./Core/Src/gpio.o
 .debug_str     0x00089852    0x83347 ./Core/Src/i2c.o
 .debug_str     0x00089852    0x86a20 ./Core/Src/main.o
 .debug_str     0x00089852    0x832a4 ./Core/Src/spi.o
 .debug_str     0x00089852    0x82ddf ./Core/Src/stm32l1xx_hal_msp.o
 .debug_str     0x00089852    0x82ddf ./Core/Src/stm32l1xx_it.o
 .debug_str     0x00089852    0x82ca8 ./Core/Src/system_stm32l1xx.o
 .debug_str     0x00089852    0x832d5 ./Core/Src/usart.o
 .debug_str     0x00089852       0x98 ./Core/Startup/startup_stm32l152retx.o
 .debug_str     0x00089852    0x833d0 ./Drivers/STM32L1xx_HAL_Driver/Src/stm32l1xx_hal.o
 .debug_str     0x00089852    0x834dc ./Drivers/STM32L1xx_HAL_Driver/Src/stm32l1xx_hal_cortex.o
 .debug_str     0x00089852    0x82e3b ./Drivers/STM32L1xx_HAL_Driver/Src/stm32l1xx_hal_gpio.o
 .debug_str     0x00089852    0x83d19 ./Drivers/STM32L1xx_HAL_Driver/Src/stm32l1xx_hal_i2c.o
 .debug_str     0x00089852    0x83164 ./Drivers/STM32L1xx_HAL_Driver/Src/stm32l1xx_hal_rcc.o
 .debug_str     0x00089852    0x835ca ./Drivers/STM32L1xx_HAL_Driver/Src/stm32l1xx_hal_spi.o
 .debug_str     0x00089852    0x8370d ./Drivers/STM32L1xx_HAL_Driver/Src/stm32l1xx_hal_uart.o

.comment        0x00000000       0x43
 .comment       0x00000000       0x43 ./Core/Src/ILI9341.o
                                 0x44 (size before relaxing)
 .comment       0x00000043       0x44 ./Core/Src/gpio.o
 .comment       0x00000043       0x44 ./Core/Src/i2c.o
 .comment       0x00000043       0x44 ./Core/Src/main.o
 .comment       0x00000043       0x44 ./Core/Src/spi.o
 .comment       0x00000043       0x44 ./Core/Src/stm32l1xx_hal_msp.o
 .comment       0x00000043       0x44 ./Core/Src/stm32l1xx_it.o
 .comment       0x00000043       0x44 ./Core/Src/system_stm32l1xx.o
 .comment       0x00000043       0x44 ./Core/Src/usart.o
 .comment       0x00000043       0x44 ./Drivers/STM32L1xx_HAL_Driver/Src/stm32l1xx_hal.o
 .comment       0x00000043       0x44 ./Drivers/STM32L1xx_HAL_Driver/Src/stm32l1xx_hal_cortex.o
 .comment       0x00000043       0x44 ./Drivers/STM32L1xx_HAL_Driver/Src/stm32l1xx_hal_gpio.o
 .comment       0x00000043       0x44 ./Drivers/STM32L1xx_HAL_Driver/Src/stm32l1xx_hal_i2c.o
 .comment       0x00000043       0x44 ./Drivers/STM32L1xx_HAL_Driver/Src/stm32l1xx_hal_rcc.o
 .comment       0x00000043       0x44 ./Drivers/STM32L1xx_HAL_Driver/Src/stm32l1xx_hal_spi.o
 .comment       0x00000043       0x44 ./Drivers/STM32L1xx_HAL_Driver/Src/stm32l1xx_hal_uart.o

.debug_frame    0x00000000     0x2f38
 .debug_frame   0x00000000      0x160 ./Core/Src/ILI9341.o
 .debug_frame   0x00000160       0x34 ./Core/Src/gpio.o
 .debug_frame   0x00000194       0x74 ./Core/Src/i2c.o
 .debug_frame   0x00000208       0x88 ./Core/Src/main.o
 .debug_frame   0x00000290       0x74 ./Core/Src/spi.o
 .debug_frame   0x00000304       0x34 ./Core/Src/stm32l1xx_hal_msp.o
 .debug_frame   0x00000338      0x104 ./Core/Src/stm32l1xx_it.o
 .debug_frame   0x0000043c       0x58 ./Core/Src/system_stm32l1xx.o
 .debug_frame   0x00000494       0x74 ./Core/Src/usart.o
 .debug_frame   0x00000508      0x33c ./Drivers/STM32L1xx_HAL_Driver/Src/stm32l1xx_hal.o
 .debug_frame   0x00000844      0x4e8 ./Drivers/STM32L1xx_HAL_Driver/Src/stm32l1xx_hal_cortex.o
 .debug_frame   0x00000d2c      0x14c ./Drivers/STM32L1xx_HAL_Driver/Src/stm32l1xx_hal_gpio.o
 .debug_frame   0x00000e78      0xc84 ./Drivers/STM32L1xx_HAL_Driver/Src/stm32l1xx_hal_i2c.o
 .debug_frame   0x00001afc      0x224 ./Drivers/STM32L1xx_HAL_Driver/Src/stm32l1xx_hal_rcc.o
 .debug_frame   0x00001d20      0x828 ./Drivers/STM32L1xx_HAL_Driver/Src/stm32l1xx_hal_spi.o
 .debug_frame   0x00002548      0x944 ./Drivers/STM32L1xx_HAL_Driver/Src/stm32l1xx_hal_uart.o
 .debug_frame   0x00002e8c       0x20 /Applications/STM32CubeIDE.app/Contents/Eclipse/plugins/com.st.stm32cube.ide.mcu.externaltools.gnu-tools-for-stm32.13.3.rel1.macos64_1.0.0.202411102158/tools/bin/../lib/gcc/arm-none-eabi/13.3.1/../../../../arm-none-eabi/lib/thumb/v7-m/nofp/libc_nano.a(libc_a-memset.o)
 .debug_frame   0x00002eac       0x2c /Applications/STM32CubeIDE.app/Contents/Eclipse/plugins/com.st.stm32cube.ide.mcu.externaltools.gnu-tools-for-stm32.13.3.rel1.macos64_1.0.0.202411102158/tools/bin/../lib/gcc/arm-none-eabi/13.3.1/../../../../arm-none-eabi/lib/thumb/v7-m/nofp/libc_nano.a(libc_a-init.o)
 .debug_frame   0x00002ed8       0x2c /Applications/STM32CubeIDE.app/Contents/Eclipse/plugins/com.st.stm32cube.ide.mcu.externaltools.gnu-tools-for-stm32.13.3.rel1.macos64_1.0.0.202411102158/tools/bin/../lib/gcc/arm-none-eabi/13.3.1/thumb/v7-m/nofp/libgcc.a(_aeabi_uldivmod.o)
 .debug_frame   0x00002f04       0x34 /Applications/STM32CubeIDE.app/Contents/Eclipse/plugins/com.st.stm32cube.ide.mcu.externaltools.gnu-tools-for-stm32.13.3.rel1.macos64_1.0.0.202411102158/tools/bin/../lib/gcc/arm-none-eabi/13.3.1/thumb/v7-m/nofp/libgcc.a(_udivmoddi4.o)

.debug_line_str
                0x00000000       0x7c
 .debug_line_str
                0x00000000       0x7c ./Core/Startup/startup_stm32l152retx.o
